<html>
<body>
<pre>
<h1>µVision Build Log</h1>
<h2>Tool Versions:</h2>
IDE-Version: ¦ÌVision V5.17.0.0
Copyright (C) 2015 ARM Ltd and ARM Germany GmbH. All rights reserved.
License Information: dsfadf Microsoft, Microsoft, LIC=IK19U-SFCXF-MLTCI-TBPBL-FP81D-H7ZK0
 
Tool Versions:
Toolchain:       MDK-ARM Standard  Version: 5.17
Toolchain Path:  C:\Keil_v5\ARM\ARMCC\Bin
C Compiler:      Armcc.exe V5.06 update 1 (build 61)
Assembler:       Armasm.exe V5.06 update 1 (build 61)
Linker/Locator:  ArmLink.exe V5.06 update 1 (build 61)
Library Manager: ArmAr.exe V5.06 update 1 (build 61)
Hex Converter:   FromElf.exe V5.06 update 1 (build 61)
CPU DLL:         SARMCM3.DLL V5.17
Dialog DLL:      DCM.DLL V1.13.4.0
Target DLL:      STLink\ST-LINKIII-KEIL_SWO.dll V2.0.18.0
Dialog DLL:      TCM.DLL V1.14.6.0
 
<h2>Project:</h2>
C:\Users\Administrator\Desktop\PLC\PLCproject\zjd.uvprojx
Project File Date:  07/18/2017

<h2>Output:</h2>
*** Using Compiler 'V5.06 update 1 (build 61)', folder: 'C:\Keil_v5\ARM\ARMCC\Bin'
Rebuild target 'Target 1'
compiling crc.c...
compiling delay.c...
compiling main.c...
compiling dog.c...
compiling usart.c...
user\usart.c(42): warning:  #550-D: variable "a" was set but never used
  	u8 a;
user\usart.c(143): warning:  #550-D: variable "a" was set but never used
  	u8 getdata,a;
user\usart.c(219): warning:  #550-D: variable "temp" was set but never used
  	u8 temp;
user\usart.c: 3 warnings, 0 errors
compiling rcc.c...
compiling V_Timer.c...
compiling stm32f10x_it.c...
compiling system_stm32f10x.c...
compiling led.c...
compiling cmd.c...
compiling USART_data_handle.c...
compiling 24c32.c...
compiling am2320.c...
compiling DS1307.c...
compiling i2c.c...
compiling i2c2.c...
compiling timer.c...
compiling misc.c...
compiling stm32f10x_rcc.c...
compiling stm32f10x_flash.c...
assembling startup_stm32f10x_hd.s...
compiling core_cm3.c...
linking...
Program Size: Code=11424 RO-data=412 RW-data=92 ZI-data=2516  
FromELF: creating hex file...
".\Objects\PLC_Zjd.axf" - 0 Error(s), 3 Warning(s).

<h2>Collection of Component include folders:</h2>
  C:\Users\Administrator\Desktop\PLC\PLCproject\RTE
  C:\Keil_v5\ARM\PACK\Keil\STM32F1xx_DFP\2.1.0\Device\Include

<h2>Collection of Component Files used:</h2>
Build Time Elapsed:  00:00:11
</pre>
</body>
</html>
