Component: ARM Compiler 5.06 update 1 (build 61) Tool: armlink [4d35a8]

==============================================================================

Section Cross References

    main.o(i.main) refers to system_stm32f10x.o(i.SystemInit) for SystemInit
    main.o(i.main) refers to delay.o(i.Delayms) for Delayms
    main.o(i.main) refers to v_timer.o(i.vtimer_init) for vtimer_init
    main.o(i.main) refers to usart.o(i.uart1_init) for uart1_init
    main.o(i.main) refers to usart.o(i.uart2_init) for uart2_init
    main.o(i.main) refers to usart.o(i.USART1_NVIC_Init) for USART1_NVIC_Init
    main.o(i.main) refers to usart.o(i.USART2_NVIC_Init) for USART2_NVIC_Init
    main.o(i.main) refers to printfa.o(i.__0printf) for __2printf
    main.o(i.main) refers to i2c.o(i.init_i2c1) for init_i2c1
    main.o(i.main) refers to 24c32.o(i.en_24c32) for en_24c32
    main.o(i.main) refers to v_timer.o(i.vtimer_SetTimer) for vtimer_SetTimer
    main.o(i.main) refers to cmd.o(i.RegisterMasterDevice) for RegisterMasterDevice
    main.o(i.main) refers to cmd.o(i.RotationEquipment) for RotationEquipment
    main.o(i.main) refers to cmd.o(i.Uart1RxDatahandle) for Uart1RxDatahandle
    main.o(i.main) refers to cmd.o(i.Uart2RxDatahandle) for Uart2RxDatahandle
    main.o(i.main) refers to cmd.o(i.En_GetEdit) for En_GetEdit
    main.o(i.main) refers to cmd.o(i.En_SendDat) for En_SendDat
    dog.o(i.WWDG_Init) refers to dog.o(.data) for WWDG_CNT
    usart.o(i.USART1_IRQHandler) refers to v_timer.o(i.vtimer_SetTimer) for vtimer_SetTimer
    usart.o(i.USART1_IRQHandler) refers to usart.o(.data) for g_URT1_RxFlag
    usart.o(i.USART1_IRQHandler) refers to usart.o(.bss) for g_URT1_RxBuf
    usart.o(i.USART1_IRQHandler) refers to usart.o(i.USART1_over_time) for USART1_over_time
    usart.o(i.USART1_over_time) refers to v_timer.o(i.vtimer_KillTimer) for vtimer_KillTimer
    usart.o(i.USART1_over_time) refers to usart.o(.data) for g_URT1_RxFlag
    usart.o(i.USART2_IRQHandler) refers to v_timer.o(i.vtimer_SetTimer) for vtimer_SetTimer
    usart.o(i.USART2_IRQHandler) refers to usart.o(.data) for g_URT2_RxFlag
    usart.o(i.USART2_IRQHandler) refers to usart.o(.bss) for g_URT2_RxBuf
    usart.o(i.USART2_IRQHandler) refers to usart.o(i.USART2_over_time) for USART2_over_time
    usart.o(i.USART2_over_time) refers to v_timer.o(i.vtimer_KillTimer) for vtimer_KillTimer
    usart.o(i.USART2_over_time) refers to usart.o(.data) for g_URT2_RxFlag
    usart.o(i.uart1_init) refers to ffltui.o(.text) for __aeabi_ui2f
    usart.o(i.uart1_init) refers to fdiv.o(.text) for __aeabi_fdiv
    usart.o(i.uart1_init) refers to ffixui.o(.text) for __aeabi_f2uiz
    usart.o(i.uart1_init) refers to fadd.o(.text) for __aeabi_frsub
    usart.o(i.uart1_init) refers to fmul.o(.text) for __aeabi_fmul
    usart.o(i.uart2_init) refers to ffltui.o(.text) for __aeabi_ui2f
    usart.o(i.uart2_init) refers to fdiv.o(.text) for __aeabi_fdiv
    usart.o(i.uart2_init) refers to ffixui.o(.text) for __aeabi_f2uiz
    usart.o(i.uart2_init) refers to fadd.o(.text) for __aeabi_frsub
    usart.o(i.uart2_init) refers to fmul.o(.text) for __aeabi_fmul
    v_timer.o(i.TIM2_IRQHandler) refers to v_timer.o(i.vtimer_UpdateHandler) for vtimer_UpdateHandler
    v_timer.o(i.vtimer_KillTimer) refers to v_timer.o(.bss) for sVtimer
    v_timer.o(i.vtimer_SetTimer) refers to v_timer.o(.bss) for sVtimer
    v_timer.o(i.vtimer_TimerElapsed) refers to v_timer.o(.bss) for sVtimer
    v_timer.o(i.vtimer_UpdateHandler) refers to v_timer.o(.bss) for sVtimer
    v_timer.o(i.vtimer_init) refers to v_timer.o(i.Init_TIM2) for Init_TIM2
    v_timer.o(i.vtimer_init) refers to v_timer.o(.bss) for sVtimer
    system_stm32f10x.o(i.SetSysClock) refers to system_stm32f10x.o(i.SetSysClockTo72) for SetSysClockTo72
    system_stm32f10x.o(i.SystemCoreClockUpdate) refers to system_stm32f10x.o(.data) for SystemCoreClock
    system_stm32f10x.o(i.SystemInit) refers to system_stm32f10x.o(i.SetSysClock) for SetSysClock
    usart_data_handle.o(i.AckFrame) refers to memcpya.o(.text) for __aeabi_memcpy4
    usart_data_handle.o(i.AckFrame) refers to crc.o(i.Get_Crc16) for Get_Crc16
    usart_data_handle.o(i.AckFrame) refers to usart.o(i.Uart1_PutChar) for Uart1_PutChar
    usart_data_handle.o(i.AckFrame) refers to usart.o(.bss) for g_URT1_RxBuf
    usart_data_handle.o(i.Cmd_f) refers to memseta.o(.text) for __aeabi_memclr
    usart_data_handle.o(i.Cmd_f) refers to usart.o(.data) for g_URT2_RxLen
    usart_data_handle.o(i.Cmd_f) refers to usart.o(.bss) for g_URT2_RxBuf
    usart_data_handle.o(i.Confirm_f) refers to memseta.o(.text) for __aeabi_memclr
    usart_data_handle.o(i.Confirm_f) refers to usart.o(.data) for g_URT2_RxLen
    usart_data_handle.o(i.Confirm_f) refers to usart.o(.bss) for g_URT2_RxBuf
    usart_data_handle.o(i.Data_f) refers to usart_data_handle.o(i.AckFrame) for AckFrame
    usart_data_handle.o(i.Data_f) refers to usart_data_handle.o(i.InquireFrame) for InquireFrame
[...]
    printfb.o(i.__0printf$bare) refers to usart.o(i.fputc) for fputc
    printfb.o(i.__0printf$bare) refers to stdout.o(.data) for __stdout
    printfb.o(i.__0snprintf$bare) refers to printfb.o(i._printf_core) for _printf_core
    printfb.o(i.__0snprintf$bare) refers to printfb.o(i._snputc) for _snputc
    printfb.o(i.__0sprintf$bare) refers to printfb.o(i._printf_core) for _printf_core
    printfb.o(i.__0sprintf$bare) refers to printfb.o(i._sputc) for _sputc
    printfb.o(i.__0vfprintf$bare) refers to printfb.o(i._printf_core) for _printf_core
    printfb.o(i.__0vfprintf$bare) refers to usart.o(i.fputc) for fputc
    printfb.o(i.__0vprintf$bare) refers to printfb.o(i._printf_core) for _printf_core
    printfb.o(i.__0vprintf$bare) refers to usart.o(i.fputc) for fputc
    printfb.o(i.__0vprintf$bare) refers to stdout.o(.data) for __stdout
    printfb.o(i.__0vsnprintf$bare) refers to printfb.o(i._printf_core) for _printf_core
    printfb.o(i.__0vsnprintf$bare) refers to printfb.o(i._snputc) for _snputc
    printfb.o(i.__0vsprintf$bare) refers to printfb.o(i._printf_core) for _printf_core
    printfb.o(i.__0vsprintf$bare) refers to printfb.o(i._sputc) for _sputc
    printf0.o(i.__0fprintf$0) refers to printf0.o(i._printf_core) for _printf_core
    printf0.o(i.__0fprintf$0) refers to usart.o(i.fputc) for fputc
    printf0.o(i.__0printf$0) refers to printf0.o(i._printf_core) for _printf_core
    printf0.o(i.__0printf$0) refers to usart.o(i.fputc) for fputc
    printf0.o(i.__0printf$0) refers to stdout.o(.data) for __stdout
    printf0.o(i.__0snprintf$0) refers to printf0.o(i._printf_core) for _printf_core
    printf0.o(i.__0snprintf$0) refers to printf0.o(i._snputc) for _snputc
    printf0.o(i.__0sprintf$0) refers to printf0.o(i._printf_core) for _printf_core
    printf0.o(i.__0sprintf$0) refers to printf0.o(i._sputc) for _sputc
    printf0.o(i.__0vfprintf$0) refers to printf0.o(i._printf_core) for _printf_core
    printf0.o(i.__0vfprintf$0) refers to usart.o(i.fputc) for fputc
    printf0.o(i.__0vprintf$0) refers to printf0.o(i._printf_core) for _printf_core
    printf0.o(i.__0vprintf$0) refers to usart.o(i.fputc) for fputc
    printf0.o(i.__0vprintf$0) refers to stdout.o(.data) for __stdout
    printf0.o(i.__0vsnprintf$0) refers to printf0.o(i._printf_core) for _printf_core
    printf0.o(i.__0vsnprintf$0) refers to printf0.o(i._snputc) for _snputc
    printf0.o(i.__0vsprintf$0) refers to printf0.o(i._printf_core) for _printf_core
    printf0.o(i.__0vsprintf$0) refers to printf0.o(i._sputc) for _sputc
    printf1.o(i.__0fprintf$1) refers to printf1.o(i._printf_core) for _printf_core
    printf1.o(i.__0fprintf$1) refers to usart.o(i.fputc) for fputc
    printf1.o(i.__0printf$1) refers to printf1.o(i._printf_core) for _printf_core
    printf1.o(i.__0printf$1) refers to usart.o(i.fputc) for fputc
    printf1.o(i.__0printf$1) refers to stdout.o(.data) for __stdout
    printf1.o(i.__0snprintf$1) refers to printf1.o(i._printf_core) for _printf_core
    printf1.o(i.__0snprintf$1) refers to printf1.o(i._snputc) for _snputc
    printf1.o(i.__0sprintf$1) refers to printf1.o(i._printf_core) for _printf_core
    printf1.o(i.__0sprintf$1) refers to printf1.o(i._sputc) for _sputc
    printf1.o(i.__0vfprintf$1) refers to printf1.o(i._printf_core) for _printf_core
    printf1.o(i.__0vfprintf$1) refers to usart.o(i.fputc) for fputc
    printf1.o(i.__0vprintf$1) refers to printf1.o(i._printf_core) for _printf_core
    printf1.o(i.__0vprintf$1) refers to usart.o(i.fputc) for fputc
    printf1.o(i.__0vprintf$1) refers to stdout.o(.data) for __stdout
    printf1.o(i.__0vsnprintf$1) refers to printf1.o(i._printf_core) for _printf_core
    printf1.o(i.__0vsnprintf$1) refers to printf1.o(i._snputc) for _snputc
    printf1.o(i.__0vsprintf$1) refers to printf1.o(i._printf_core) for _printf_core
    printf1.o(i.__0vsprintf$1) refers to printf1.o(i._sputc) for _sputc
    printf1.o(i._printf_core) refers to uidiv.o(.text) for __aeabi_uidivmod
    printf2.o(i.__0fprintf$2) refers to printf2.o(i._printf_core) for _printf_core
    printf2.o(i.__0fprintf$2) refers to usart.o(i.fputc) for fputc
    printf2.o(i.__0printf$2) refers to printf2.o(i._printf_core) for _printf_core
    printf2.o(i.__0printf$2) refers to usart.o(i.fputc) for fputc
    printf2.o(i.__0printf$2) refers to stdout.o(.data) for __stdout
    printf2.o(i.__0snprintf$2) refers to printf2.o(i._printf_core) for _printf_core
    printf2.o(i.__0snprintf$2) refers to printf2.o(i._snputc) for _snputc
    printf2.o(i.__0sprintf$2) refers to printf2.o(i._printf_core) for _printf_core
    printf2.o(i.__0sprintf$2) refers to printf2.o(i._sputc) for _sputc
    printf2.o(i.__0vfprintf$2) refers to printf2.o(i._printf_core) for _printf_core
    printf2.o(i.__0vfprintf$2) refers to usart.o(i.fputc) for fputc
    printf2.o(i.__0vprintf$2) refers to printf2.o(i._printf_core) for _printf_core
    printf2.o(i.__0vprintf$2) refers to usart.o(i.fputc) for fputc
    printf2.o(i.__0vprintf$2) refers to stdout.o(.data) for __stdout
    printf2.o(i.__0vsnprintf$2) refers to printf2.o(i._printf_core) for _printf_core
    printf2.o(i.__0vsnprintf$2) refers to printf2.o(i._snputc) for _snputc
    printf2.o(i.__0vsprintf$2) refers to printf2.o(i._printf_core) for _printf_core
    printf2.o(i.__0vsprintf$2) refers to printf2.o(i._sputc) for _sputc
    printf3.o(i.__0fprintf$3) refers to printf3.o(i._printf_core) for _printf_core
    printf3.o(i.__0fprintf$3) refers to usart.o(i.fputc) for fputc
    printf3.o(i.__0printf$3) refers to printf3.o(i._printf_core) for _printf_core
    printf3.o(i.__0printf$3) refers to usart.o(i.fputc) for fputc
    printf3.o(i.__0printf$3) refers to stdout.o(.data) for __stdout
    printf3.o(i.__0snprintf$3) refers to printf3.o(i._printf_core) for _printf_core
    printf3.o(i.__0snprintf$3) refers to printf3.o(i._snputc) for _snputc
    printf3.o(i.__0sprintf$3) refers to printf3.o(i._printf_core) for _printf_core
    printf3.o(i.__0sprintf$3) refers to printf3.o(i._sputc) for _sputc
    printf3.o(i.__0vfprintf$3) refers to printf3.o(i._printf_core) for _printf_core
    printf3.o(i.__0vfprintf$3) refers to usart.o(i.fputc) for fputc
    printf3.o(i.__0vprintf$3) refers to printf3.o(i._printf_core) for _printf_core
    printf3.o(i.__0vprintf$3) refers to usart.o(i.fputc) for fputc
    printf3.o(i.__0vprintf$3) refers to stdout.o(.data) for __stdout
    printf3.o(i.__0vsnprintf$3) refers to printf3.o(i._printf_core) for _printf_core
    printf3.o(i.__0vsnprintf$3) refers to printf3.o(i._snputc) for _snputc
    printf3.o(i.__0vsprintf$3) refers to printf3.o(i._printf_core) for _printf_core
    printf3.o(i.__0vsprintf$3) refers to printf3.o(i._sputc) for _sputc
    printf3.o(i._printf_core) refers to uidiv.o(.text) for __aeabi_uidivmod
    printf4.o(i.__0fprintf$4) refers to printf4.o(i._printf_core) for _printf_core
    printf4.o(i.__0fprintf$4) refers to usart.o(i.fputc) for fputc
    printf4.o(i.__0printf$4) refers to printf4.o(i._printf_core) for _printf_core
    printf4.o(i.__0printf$4) refers to usart.o(i.fputc) for fputc
    printf4.o(i.__0printf$4) refers to stdout.o(.data) for __stdout
    printf4.o(i.__0snprintf$4) refers to printf4.o(i._printf_core) for _printf_core
    printf4.o(i.__0snprintf$4) refers to printf4.o(i._snputc) for _snputc
    printf4.o(i.__0sprintf$4) refers to printf4.o(i._printf_core) for _printf_core
    printf4.o(i.__0sprintf$4) refers to printf4.o(i._sputc) for _sputc
    printf4.o(i.__0vfprintf$4) refers to printf4.o(i._printf_core) for _printf_core
    printf4.o(i.__0vfprintf$4) refers to usart.o(i.fputc) for fputc
    printf4.o(i.__0vprintf$4) refers to printf4.o(i._printf_core) for _printf_core
    printf4.o(i.__0vprintf$4) refers to usart.o(i.fputc) for fputc
    printf4.o(i.__0vprintf$4) refers to stdout.o(.data) for __stdout
    printf4.o(i.__0vsnprintf$4) refers to printf4.o(i._printf_core) for _printf_core
    printf4.o(i.__0vsnprintf$4) refers to printf4.o(i._snputc) for _snputc
    printf4.o(i.__0vsprintf$4) refers to printf4.o(i._printf_core) for _printf_core
    printf4.o(i.__0vsprintf$4) refers to printf4.o(i._sputc) for _sputc
    printf4.o(i._printf_core) refers to uldiv.o(.text) for __aeabi_uldivmod
    printf5.o(i.__0fprintf$5) refers to printf5.o(i._printf_core) for _printf_core
    printf5.o(i.__0fprintf$5) refers to usart.o(i.fputc) for fputc
    printf5.o(i.__0printf$5) refers to printf5.o(i._printf_core) for _printf_core
    printf5.o(i.__0printf$5) refers to usart.o(i.fputc) for fputc
    printf5.o(i.__0printf$5) refers to stdout.o(.data) for __stdout
    printf5.o(i.__0snprintf$5) refers to printf5.o(i._printf_core) for _printf_core
    printf5.o(i.__0snprintf$5) refers to printf5.o(i._snputc) for _snputc
    printf5.o(i.__0sprintf$5) refers to printf5.o(i._printf_core) for _printf_core
    printf5.o(i.__0sprintf$5) refers to printf5.o(i._sputc) for _sputc
    printf5.o(i.__0vfprintf$5) refers to printf5.o(i._printf_core) for _printf_core
    printf5.o(i.__0vfprintf$5) refers to usart.o(i.fputc) for fputc
    printf5.o(i.__0vprintf$5) refers to printf5.o(i._printf_core) for _printf_core
    printf5.o(i.__0vprintf$5) refers to usart.o(i.fputc) for fputc
    printf5.o(i.__0vprintf$5) refers to stdout.o(.data) for __stdout
    printf5.o(i.__0vsnprintf$5) refers to printf5.o(i._printf_core) for _printf_core
    printf5.o(i.__0vsnprintf$5) refers to printf5.o(i._snputc) for _snputc
    printf5.o(i.__0vsprintf$5) refers to printf5.o(i._printf_core) for _printf_core
    printf5.o(i.__0vsprintf$5) refers to printf5.o(i._sputc) for _sputc
    printf5.o(i._printf_core) refers to uldiv.o(.text) for __aeabi_uldivmod
    printf6.o(i.__0fprintf$6) refers to printf6.o(i._printf_core) for _printf_core
    printf6.o(i.__0fprintf$6) refers to usart.o(i.fputc) for fputc
    printf6.o(i.__0printf$6) refers to printf6.o(i._printf_core) for _printf_core
    printf6.o(i.__0printf$6) refers to usart.o(i.fputc) for fputc
    printf6.o(i.__0printf$6) refers to stdout.o(.data) for __stdout
    printf6.o(i.__0snprintf$6) refers to printf6.o(i._printf_core) for _printf_core
    printf6.o(i.__0snprintf$6) refers to printf6.o(i._snputc) for _snputc
    printf6.o(i.__0sprintf$6) refers to printf6.o(i._printf_core) for _printf_core
    printf6.o(i.__0sprintf$6) refers to printf6.o(i._sputc) for _sputc
    printf6.o(i.__0vfprintf$6) refers to printf6.o(i._printf_core) for _printf_core
    printf6.o(i.__0vfprintf$6) refers to usart.o(i.fputc) for fputc
    printf6.o(i.__0vprintf$6) refers to printf6.o(i._printf_core) for _printf_core
    printf6.o(i.__0vprintf$6) refers to usart.o(i.fputc) for fputc
    printf6.o(i.__0vprintf$6) refers to stdout.o(.data) for __stdout
    printf6.o(i.__0vsnprintf$6) refers to printf6.o(i._printf_core) for _printf_core
    printf6.o(i.__0vsnprintf$6) refers to printf6.o(i._snputc) for _snputc
    printf6.o(i.__0vsprintf$6) refers to printf6.o(i._printf_core) for _printf_core
    printf6.o(i.__0vsprintf$6) refers to printf6.o(i._sputc) for _sputc
    printf6.o(i._printf_core) refers to printf6.o(i._printf_pre_padding) for _printf_pre_padding
    printf6.o(i._printf_core) refers to uidiv.o(.text) for __aeabi_uidivmod
    printf6.o(i._printf_core) refers to printf6.o(i._printf_post_padding) for _printf_post_padding
    printf7.o(i.__0fprintf$7) refers to printf7.o(i._printf_core) for _printf_core
    printf7.o(i.__0fprintf$7) refers to usart.o(i.fputc) for fputc
    printf7.o(i.__0printf$7) refers to printf7.o(i._printf_core) for _printf_core
    printf7.o(i.__0printf$7) refers to usart.o(i.fputc) for fputc
    printf7.o(i.__0printf$7) refers to stdout.o(.data) for __stdout
    printf7.o(i.__0snprintf$7) refers to printf7.o(i._printf_core) for _printf_core
    printf7.o(i.__0snprintf$7) refers to printf7.o(i._snputc) for _snputc
    printf7.o(i.__0sprintf$7) refers to printf7.o(i._printf_core) for _printf_core
    printf7.o(i.__0sprintf$7) refers to printf7.o(i._sputc) for _sputc
    printf7.o(i.__0vfprintf$7) refers to printf7.o(i._printf_core) for _printf_core
    printf7.o(i.__0vfprintf$7) refers to usart.o(i.fputc) for fputc
    printf7.o(i.__0vprintf$7) refers to printf7.o(i._printf_core) for _printf_core
    printf7.o(i.__0vprintf$7) refers to usart.o(i.fputc) for fputc
    printf7.o(i.__0vprintf$7) refers to stdout.o(.data) for __stdout
    printf7.o(i.__0vsnprintf$7) refers to printf7.o(i._printf_core) for _printf_core
    printf7.o(i.__0vsnprintf$7) refers to printf7.o(i._snputc) for _snputc
    printf7.o(i.__0vsprintf$7) refers to printf7.o(i._printf_core) for _printf_core
    printf7.o(i.__0vsprintf$7) refers to printf7.o(i._sputc) for _sputc
    printf7.o(i._printf_core) refers to printf7.o(i._printf_pre_padding) for _printf_pre_padding
    printf7.o(i._printf_core) refers to uldiv.o(.text) for __aeabi_uldivmod
    printf7.o(i._printf_core) refers to printf7.o(i._printf_post_padding) for _printf_post_padding
    printf8.o(i.__0fprintf$8) refers to printf8.o(i._printf_core) for _printf_core
    printf8.o(i.__0fprintf$8) refers to usart.o(i.fputc) for fputc
    printf8.o(i.__0printf$8) refers to printf8.o(i._printf_core) for _printf_core
    printf8.o(i.__0printf$8) refers to usart.o(i.fputc) for fputc
    printf8.o(i.__0printf$8) refers to stdout.o(.data) for __stdout
    printf8.o(i.__0snprintf$8) refers to printf8.o(i._printf_core) for _printf_core
    printf8.o(i.__0snprintf$8) refers to printf8.o(i._snputc) for _snputc
    printf8.o(i.__0sprintf$8) refers to printf8.o(i._printf_core) for _printf_core
    printf8.o(i.__0sprintf$8) refers to printf8.o(i._sputc) for _sputc
    printf8.o(i.__0vfprintf$8) refers to printf8.o(i._printf_core) for _printf_core
    printf8.o(i.__0vfprintf$8) refers to usart.o(i.fputc) for fputc
    printf8.o(i.__0vprintf$8) refers to printf8.o(i._printf_core) for _printf_core
    printf8.o(i.__0vprintf$8) refers to usart.o(i.fputc) for fputc
    printf8.o(i.__0vprintf$8) refers to stdout.o(.data) for __stdout
    printf8.o(i.__0vsnprintf$8) refers to printf8.o(i._printf_core) for _printf_core
    printf8.o(i.__0vsnprintf$8) refers to printf8.o(i._snputc) for _snputc
    printf8.o(i.__0vsprintf$8) refers to printf8.o(i._printf_core) for _printf_core
    printf8.o(i.__0vsprintf$8) refers to printf8.o(i._sputc) for _sputc
    printf8.o(i._printf_core) refers to printf8.o(i._printf_pre_padding) for _printf_pre_padding
    printf8.o(i._printf_core) refers to uldiv.o(.text) for __aeabi_uldivmod
    printf8.o(i._printf_core) refers to printf8.o(i._printf_post_padding) for _printf_post_padding
    printfa.o(i.__0fprintf) refers (Special) to iusefp.o(.text) for __I$use$fp
    printfa.o(i.__0fprintf) refers to printfa.o(i._printf_core) for _printf_core
    printfa.o(i.__0fprintf) refers to usart.o(i.fputc) for fputc
    printfa.o(i.__0printf) refers (Special) to iusefp.o(.text) for __I$use$fp
    printfa.o(i.__0printf) refers to printfa.o(i._printf_core) for _printf_core
    printfa.o(i.__0printf) refers to usart.o(i.fputc) for fputc
    printfa.o(i.__0printf) refers to stdout.o(.data) for __stdout
    printfa.o(i.__0snprintf) refers (Special) to iusefp.o(.text) for __I$use$fp
    printfa.o(i.__0snprintf) refers to printfa.o(i._printf_core) for _printf_core
    printfa.o(i.__0snprintf) refers to printfa.o(i._snputc) for _snputc
    printfa.o(i.__0sprintf) refers (Special) to iusefp.o(.text) for __I$use$fp
    printfa.o(i.__0sprintf) refers to printfa.o(i._printf_core) for _printf_core
    printfa.o(i.__0sprintf) refers to printfa.o(i._sputc) for _sputc
    printfa.o(i.__0vfprintf) refers (Special) to iusefp.o(.text) for __I$use$fp
    printfa.o(i.__0vfprintf) refers to printfa.o(i._printf_core) for _printf_core
    printfa.o(i.__0vfprintf) refers to usart.o(i.fputc) for fputc
    printfa.o(i.__0vprintf) refers (Special) to iusefp.o(.text) for __I$use$fp
    printfa.o(i.__0vprintf) refers to printfa.o(i._printf_core) for _printf_core
    printfa.o(i.__0vprintf) refers to usart.o(i.fputc) for fputc
    printfa.o(i.__0vprintf) refers to stdout.o(.data) for __stdout
    printfa.o(i.__0vsnprintf) refers (Special) to iusefp.o(.text) for __I$use$fp
    printfa.o(i.__0vsnprintf) refers to printfa.o(i._printf_core) for _printf_core
    printfa.o(i.__0vsnprintf) refers to printfa.o(i._snputc) for _snputc
    printfa.o(i.__0vsprintf) refers (Special) to iusefp.o(.text) for __I$use$fp
    printfa.o(i.__0vsprintf) refers to printfa.o(i._printf_core) for _printf_core
    printfa.o(i.__0vsprintf) refers to printfa.o(i._sputc) for _sputc
    printfa.o(i._fp_digits) refers (Special) to iusefp.o(.text) for __I$use$fp
    printfa.o(i._fp_digits) refers to dmul.o(.text) for __aeabi_dmul
    printfa.o(i._fp_digits) refers to ddiv.o(.text) for __aeabi_ddiv
    printfa.o(i._fp_digits) refers to cdrcmple.o(.text) for __aeabi_cdrcmple
    printfa.o(i._fp_digits) refers to dadd.o(.text) for __aeabi_dadd
    printfa.o(i._fp_digits) refers to dfixul.o(.text) for __aeabi_d2ulz
    printfa.o(i._fp_digits) refers to uldiv.o(.text) for __aeabi_uldivmod
    printfa.o(i._printf_core) refers (Special) to iusefp.o(.text) for __I$use$fp
    printfa.o(i._printf_core) refers to printfa.o(i._printf_pre_padding) for _printf_pre_padding
    printfa.o(i._printf_core) refers to uldiv.o(.text) for __aeabi_uldivmod
    printfa.o(i._printf_core) refers to printfa.o(i._printf_post_padding) for _printf_post_padding
    printfa.o(i._printf_core) refers to printfa.o(i._fp_digits) for _fp_digits
    printfa.o(i._printf_core) refers to uidiv.o(.text) for __aeabi_uidivmod
    printfa.o(i._printf_post_padding) refers (Special) to iusefp.o(.text) for __I$use$fp
    printfa.o(i._printf_pre_padding) refers (Special) to iusefp.o(.text) for __I$use$fp
    printfa.o(i._snputc) refers (Special) to iusefp.o(.text) for __I$use$fp
    printfa.o(i._sputc) refers (Special) to iusefp.o(.text) for __I$use$fp
    fadd.o(.text) refers (Special) to iusefp.o(.text) for __I$use$fp
    fadd.o(.text) refers to fepilogue.o(.text) for _float_epilogue
    fmul.o(.text) refers (Special) to iusefp.o(.text) for __I$use$fp
    fdiv.o(.text) refers (Special) to iusefp.o(.text) for __I$use$fp
    fdiv.o(.text) refers to fepilogue.o(.text) for _float_round
    ddiv.o(.text) refers (Special) to iusefp.o(.text) for __I$use$fp
    ddiv.o(.text) refers to depilogue.o(.text) for _double_round
    ffltui.o(.text) refers (Special) to iusefp.o(.text) for __I$use$fp
    ffltui.o(.text) refers to fepilogue.o(.text) for _float_epilogue
    dflti.o(.text) refers (Special) to iusefp.o(.text) for __I$use$fp
    dflti.o(.text) refers to depilogue.o(.text) for _double_epilogue
    ffixui.o(.text) refers (Special) to iusefp.o(.text) for __I$use$fp
    entry2.o(.ARM.Collect$$$$00000001) refers to entry2.o(.ARM.Collect$$$$00002712) for __lit__00000000
    entry2.o(.ARM.Collect$$$$00002712) refers to startup_stm32f10x_hd.o(STACK) for __initial_sp
    entry2.o(__vectab_stack_and_reset_area) refers to startup_stm32f10x_hd.o(STACK) for __initial_sp
    entry2.o(__vectab_stack_and_reset_area) refers to entry.o(.ARM.Collect$$$$00000000) for __main
    entry5.o(.ARM.Collect$$$$00000004) refers to init.o(.text) for __scatterload
    entry9a.o(.ARM.Collect$$$$0000000B) refers to main.o(i.main) for main
    entry9b.o(.ARM.Collect$$$$0000000C) refers to main.o(i.main) for main
    uldiv.o(.text) refers to llushr.o(.text) for __aeabi_llsr
    uldiv.o(.text) refers to llshl.o(.text) for __aeabi_llsl
    depilogue.o(.text) refers to llshl.o(.text) for __aeabi_llsl
    depilogue.o(.text) refers to llushr.o(.text) for __aeabi_llsr
    dadd.o(.text) refers to llshl.o(.text) for __aeabi_llsl
    dadd.o(.text) refers to llsshr.o(.text) for __aeabi_lasr
    dadd.o(.text) refers to depilogue.o(.text) for _double_epilogue
    dmul.o(.text) refers to depilogue.o(.text) for _double_epilogue
    dfixul.o(.text) refers to llushr.o(.text) for __aeabi_llsr
    dfixul.o(.text) refers to llshl.o(.text) for __aeabi_llsl
    init.o(.text) refers to entry5.o(.ARM.Collect$$$$00000004) for __main_after_scatterload


==============================================================================

Removing Unused input sections from the image.

    Removing crc.o(i.CRC_CalculateBlockCRC), (40 bytes).
    Removing crc.o(i.CRC_CalculateCRC), (20 bytes).
    Removing crc.o(i.CRC_Init), (28 bytes).
    Removing crc.o(i.Get_Crc), (68 bytes).
    Removing crc.o(i.Get_Crc8), (56 bytes).
    Removing dog.o(i.IWDG_Feed), (16 bytes).
    Removing dog.o(i.IWDG_Init), (32 bytes).
    Removing dog.o(i.WWDG_Init), (120 bytes).
    Removing dog.o(i.WWDG_NVIC_Init), (68 bytes).
    Removing dog.o(i.WWDG_Set_Counter), (16 bytes).
    Removing dog.o(.data), (1 bytes).
    Removing rcc.o(i.Init_SyStemClock_inside), (100 bytes).
    Removing rcc.o(i.Init_SystemClock_outside), (104 bytes).
    Removing v_timer.o(i.vtimer_TimerElapsed), (24 bytes).
    Removing system_stm32f10x.o(i.SystemCoreClockUpdate), (164 bytes).
    Removing system_stm32f10x.o(.data), (20 bytes).
    Removing led.o(i.led_init), (84 bytes).
    Removing cmd.o(i.Poll_Heartdata), (392 bytes).
    Removing 24c32.o(i.Read_CurAddr), (60 bytes).
    Removing 24c32.o(i.Read_MACAddr), (108 bytes).
    Removing 24c32.o(i.Read_Seq), (148 bytes).
    Removing 24c32.o(i.Storage_MACAddr), (84 bytes).
    Removing 24c32.o(i.write_page), (98 bytes).
    Removing 24c32.o(.bss), (250 bytes).
    Removing 24c32.o(.data), (244 bytes).
    Removing am2320.o(i.CRC16), (60 bytes).
    Removing am2320.o(i.CheckCRC), (46 bytes).
    Removing am2320.o(i.Clear_Data), (24 bytes).
    Removing am2320.o(i.ReadNByte), (100 bytes).
    Removing am2320.o(i.UARTSend_Nbyte), (332 bytes).
    Removing am2320.o(i.WriteNByte), (104 bytes).
    Removing am2320.o(i.waken), (48 bytes).
    Removing am2320.o(.bss), (15 bytes).
    Removing am2320.o(.data), (4 bytes).
    Removing ds1307.o(i.En_ds1307), (88 bytes).
    Removing ds1307.o(i.IIC_init), (200 bytes).
    Removing ds1307.o(i.start), (44 bytes).
    Removing ds1307.o(i.stop), (36 bytes).
    Removing i2c.o(i.IIC_waken_Ack), (136 bytes).
    Removing i2c2.o(i.IIC2_Ack), (136 bytes).
    Removing i2c2.o(i.IIC2_NAck), (136 bytes).
    Removing i2c2.o(i.IIC2_Read_Byte), (156 bytes).
    Removing i2c2.o(i.IIC2_Send_Byte), (208 bytes).
    Removing i2c2.o(i.IIC2_Start), (140 bytes).
    Removing i2c2.o(i.IIC2_Stop), (128 bytes).
    Removing i2c2.o(i.IIC2_Wait_Ack), (164 bytes).
    Removing i2c2.o(i.IIC2_waken_Ack), (136 bytes).
    Removing i2c2.o(i.init_i2c_2), (60 bytes).
    Removing timer.o(i.TIM3_Int_Init), (64 bytes).
    Removing timer.o(i.TIM4_Int_Init), (64 bytes).
    Removing timer.o(i.TIMER3_UP__NVIC_Init), (52 bytes).
    Removing timer.o(i.TIMER4_UP__NVIC_Init), (52 bytes).
    Removing misc.o(i.NVIC_Init), (112 bytes).
    Removing misc.o(i.NVIC_PriorityGroupConfig), (20 bytes).
    Removing misc.o(i.NVIC_SetVectorTable), (20 bytes).
    Removing misc.o(i.NVIC_SystemLPConfig), (32 bytes).
    Removing misc.o(i.SysTick_CLKSourceConfig), (40 bytes).
    Removing stm32f10x_rcc.o(i.RCC_ADCCLKConfig), (24 bytes).
    Removing stm32f10x_rcc.o(i.RCC_AHBPeriphClockCmd), (32 bytes).
    Removing stm32f10x_rcc.o(i.RCC_APB1PeriphClockCmd), (32 bytes).
    Removing stm32f10x_rcc.o(i.RCC_APB1PeriphResetCmd), (32 bytes).
    Removing stm32f10x_rcc.o(i.RCC_APB2PeriphClockCmd), (32 bytes).
    Removing stm32f10x_rcc.o(i.RCC_APB2PeriphResetCmd), (32 bytes).
    Removing stm32f10x_rcc.o(i.RCC_AdjustHSICalibrationValue), (24 bytes).
    Removing stm32f10x_rcc.o(i.RCC_BackupResetCmd), (12 bytes).
    Removing stm32f10x_rcc.o(i.RCC_ClearFlag), (20 bytes).
    Removing stm32f10x_rcc.o(i.RCC_ClearITPendingBit), (12 bytes).
    Removing stm32f10x_rcc.o(i.RCC_ClockSecuritySystemCmd), (12 bytes).
    Removing stm32f10x_rcc.o(i.RCC_DeInit), (76 bytes).
    Removing stm32f10x_rcc.o(i.RCC_GetClocksFreq), (212 bytes).
    Removing stm32f10x_rcc.o(i.RCC_GetFlagStatus), (60 bytes).
    Removing stm32f10x_rcc.o(i.RCC_GetITStatus), (24 bytes).
    Removing stm32f10x_rcc.o(i.RCC_GetSYSCLKSource), (16 bytes).
    Removing stm32f10x_rcc.o(i.RCC_HCLKConfig), (24 bytes).
    Removing stm32f10x_rcc.o(i.RCC_HSEConfig), (76 bytes).
    Removing stm32f10x_rcc.o(i.RCC_HSICmd), (12 bytes).
    Removing stm32f10x_rcc.o(i.RCC_ITConfig), (32 bytes).
    Removing stm32f10x_rcc.o(i.RCC_LSEConfig), (52 bytes).
    Removing stm32f10x_rcc.o(i.RCC_LSICmd), (12 bytes).
    Removing stm32f10x_rcc.o(i.RCC_MCOConfig), (12 bytes).
    Removing stm32f10x_rcc.o(i.RCC_PCLK1Config), (24 bytes).
    Removing stm32f10x_rcc.o(i.RCC_PCLK2Config), (24 bytes).
    Removing stm32f10x_rcc.o(i.RCC_PLLCmd), (12 bytes).
    Removing stm32f10x_rcc.o(i.RCC_PLLConfig), (28 bytes).
    Removing stm32f10x_rcc.o(i.RCC_RTCCLKCmd), (12 bytes).
    Removing stm32f10x_rcc.o(i.RCC_RTCCLKConfig), (16 bytes).
    Removing stm32f10x_rcc.o(i.RCC_SYSCLKConfig), (24 bytes).
    Removing stm32f10x_rcc.o(i.RCC_USBCLKConfig), (12 bytes).
    Removing stm32f10x_rcc.o(i.RCC_WaitForHSEStartUp), (56 bytes).
    Removing stm32f10x_rcc.o(.data), (20 bytes).
    Removing stm32f10x_flash.o(i.FLASH_ClearFlag), (12 bytes).
    Removing stm32f10x_flash.o(i.FLASH_EnableWriteProtection), (196 bytes).
    Removing stm32f10x_flash.o(i.FLASH_EraseAllBank1Pages), (72 bytes).
    Removing stm32f10x_flash.o(i.FLASH_EraseAllPages), (72 bytes).
    Removing stm32f10x_flash.o(i.FLASH_EraseOptionBytes), (168 bytes).
    Removing stm32f10x_flash.o(i.FLASH_ErasePage), (76 bytes).
    Removing stm32f10x_flash.o(i.FLASH_GetBank1Status), (52 bytes).
    Removing stm32f10x_flash.o(i.FLASH_GetFlagStatus), (48 bytes).
    Removing stm32f10x_flash.o(i.FLASH_GetPrefetchBufferStatus), (24 bytes).
    Removing stm32f10x_flash.o(i.FLASH_GetReadOutProtectionStatus), (24 bytes).
    Removing stm32f10x_flash.o(i.FLASH_GetStatus), (52 bytes).
    Removing stm32f10x_flash.o(i.FLASH_GetUserOptionByte), (12 bytes).
    Removing stm32f10x_flash.o(i.FLASH_GetWriteProtectionOptionByte), (12 bytes).
    Removing stm32f10x_flash.o(i.FLASH_HalfCycleAccessCmd), (28 bytes).
    Removing stm32f10x_flash.o(i.FLASH_ITConfig), (32 bytes).
    Removing stm32f10x_flash.o(i.FLASH_Lock), (20 bytes).
    Removing stm32f10x_flash.o(i.FLASH_LockBank1), (20 bytes).
    Removing stm32f10x_flash.o(i.FLASH_PrefetchBufferCmd), (28 bytes).
    Removing stm32f10x_flash.o(i.FLASH_ProgramHalfWord), (64 bytes).
    Removing stm32f10x_flash.o(i.FLASH_ProgramOptionByteData), (84 bytes).
    Removing stm32f10x_flash.o(i.FLASH_ProgramWord), (108 bytes).
    Removing stm32f10x_flash.o(i.FLASH_ReadOutProtection), (172 bytes).
    Removing stm32f10x_flash.o(i.FLASH_SetLatency), (24 bytes).
    Removing stm32f10x_flash.o(i.FLASH_Unlock), (24 bytes).
    Removing stm32f10x_flash.o(i.FLASH_UnlockBank1), (24 bytes).
    Removing stm32f10x_flash.o(i.FLASH_UserOptionByteConfig), (104 bytes).
    Removing stm32f10x_flash.o(i.FLASH_WaitForLastBank1Operation), (38 bytes).
    Removing stm32f10x_flash.o(i.FLASH_WaitForLastOperation), (38 bytes).
    Removing core_cm3.o(.emb_text), (32 bytes).
    Removing startup_stm32f10x_hd.o(HEAP), (512 bytes).
    Removing dflti.o(.text), (34 bytes).

121 unused section(s) (total 8608 bytes) removed from the image.

==============================================================================

Image Symbol Table

    Local Symbols

    Symbol Name                              Value     Ov Type        Size  Object(Section)

    ../clib/microlib/division.c              0x00000000   Number         0  uldiv.o ABSOLUTE
    ../clib/microlib/division.c              0x00000000   Number         0  uidiv.o ABSOLUTE
    ../clib/microlib/init/entry.s            0x00000000   Number         0  entry8a.o ABSOLUTE
    ../clib/microlib/init/entry.s            0x00000000   Number         0  entry8b.o ABSOLUTE
    ../clib/microlib/init/entry.s            0x00000000   Number         0  entry9a.o ABSOLUTE
    ../clib/microlib/init/entry.s            0x00000000   Number         0  entry10a.o ABSOLUTE
    ../clib/microlib/init/entry.s            0x00000000   Number         0  entry10b.o ABSOLUTE
    ../clib/microlib/init/entry.s            0x00000000   Number         0  entry7b.o ABSOLUTE
    ../clib/microlib/init/entry.s            0x00000000   Number         0  entry11a.o ABSOLUTE
    ../clib/microlib/init/entry.s            0x00000000   Number         0  entry.o ABSOLUTE
    ../clib/microlib/init/entry.s            0x00000000   Number         0  entry11b.o ABSOLUTE
    ../clib/microlib/init/entry.s            0x00000000   Number         0  entry9b.o ABSOLUTE
    ../clib/microlib/init/entry.s            0x00000000   Number         0  entry7a.o ABSOLUTE
    ../clib/microlib/init/entry.s            0x00000000   Number         0  entry5.o ABSOLUTE
    ../clib/microlib/init/entry.s            0x00000000   Number         0  entry2.o ABSOLUTE
    ../clib/microlib/longlong.c              0x00000000   Number         0  llushr.o ABSOLUTE
    ../clib/microlib/longlong.c              0x00000000   Number         0  llshl.o ABSOLUTE
    ../clib/microlib/longlong.c              0x00000000   Number         0  llsshr.o ABSOLUTE
    ../clib/microlib/printf/printf.c         0x00000000   Number         0  printf7.o ABSOLUTE
    ../clib/microlib/printf/printf.c         0x00000000   Number         0  printf6.o ABSOLUTE
    ../clib/microlib/printf/printf.c         0x00000000   Number         0  printf4.o ABSOLUTE
    ../clib/microlib/printf/printf.c         0x00000000   Number         0  printf2.o ABSOLUTE
    ../clib/microlib/printf/printf.c         0x00000000   Number         0  printf1.o ABSOLUTE
    ../clib/microlib/printf/printf.c         0x00000000   Number         0  printf0.o ABSOLUTE
    ../clib/microlib/printf/printf.c         0x00000000   Number         0  printfb.o ABSOLUTE
    ../clib/microlib/printf/printf.c         0x00000000   Number         0  printf5.o ABSOLUTE
    ../clib/microlib/printf/printf.c         0x00000000   Number         0  printfa.o ABSOLUTE
    ../clib/microlib/printf/printf.c         0x00000000   Number         0  printf8.o ABSOLUTE
    ../clib/microlib/printf/printf.c         0x00000000   Number         0  printf3.o ABSOLUTE
    ../clib/microlib/printf/stubs.s          0x00000000   Number         0  stubs.o ABSOLUTE
    ../clib/microlib/stdio/streams.c         0x00000000   Number         0  stdout.o ABSOLUTE
    ../clib/microlib/string/memcpy.c         0x00000000   Number         0  memcpyb.o ABSOLUTE
    ../clib/microlib/string/memcpy.c         0x00000000   Number         0  memcpya.o ABSOLUTE
    ../clib/microlib/string/memset.c         0x00000000   Number         0  memseta.o ABSOLUTE
    ../clib/microlib/stubs.s                 0x00000000   Number         0  iusefp.o ABSOLUTE
    ../fplib/microlib/fpadd.c                0x00000000   Number         0  dadd.o ABSOLUTE
    ../fplib/microlib/fpadd.c                0x00000000   Number         0  fadd.o ABSOLUTE
    ../fplib/microlib/fpdiv.c                0x00000000   Number         0  fdiv.o ABSOLUTE
    ../fplib/microlib/fpdiv.c                0x00000000   Number         0  ddiv.o ABSOLUTE
    ../fplib/microlib/fpepilogue.c           0x00000000   Number         0  depilogue.o ABSOLUTE
    ../fplib/microlib/fpepilogue.c           0x00000000   Number         0  fepilogue.o ABSOLUTE
    ../fplib/microlib/fpfix.c                0x00000000   Number         0  dfixul.o ABSOLUTE
    ../fplib/microlib/fpfix.c                0x00000000   Number         0  ffixui.o ABSOLUTE
    ../fplib/microlib/fpflt.c                0x00000000   Number         0  ffltui.o ABSOLUTE
    ../fplib/microlib/fpflt.c                0x00000000   Number         0  dflti.o ABSOLUTE
    ../fplib/microlib/fpmul.c                0x00000000   Number         0  dmul.o ABSOLUTE
    ../fplib/microlib/fpmul.c                0x00000000   Number         0  fmul.o ABSOLUTE
    Core\\core_cm3.c                         0x00000000   Number         0  core_cm3.o ABSOLUTE
    Core\core_cm3.c                          0x00000000   Number         0  core_cm3.o ABSOLUTE
    Core\startup_stm32f10x_hd.s              0x00000000   Number         0  startup_stm32f10x_hd.o ABSOLUTE
    cdrcmple.s                               0x00000000   Number         0  cdrcmple.o ABSOLUTE
    dc.s                                     0x00000000   Number         0  dc.o ABSOLUTE
    handlers.s                               0x00000000   Number         0  handlers.o ABSOLUTE
    init.s                                   0x00000000   Number         0  init.o ABSOLUTE
    lib\src\misc.c                           0x00000000   Number         0  misc.o ABSOLUTE
    lib\src\stm32f10x_flash.c                0x00000000   Number         0  stm32f10x_flash.o ABSOLUTE
    lib\src\stm32f10x_rcc.c                  0x00000000   Number         0  stm32f10x_rcc.o ABSOLUTE
    public\stm32f10x_it.c                    0x00000000   Number         0  stm32f10x_it.o ABSOLUTE
    public\system_stm32f10x.c                0x00000000   Number         0  system_stm32f10x.o ABSOLUTE
    user\24c32.c                             0x00000000   Number         0  24c32.o ABSOLUTE
    user\DS1307.c                            0x00000000   Number         0  ds1307.o ABSOLUTE
    user\USART_data_handle.c                 0x00000000   Number         0  usart_data_handle.o ABSOLUTE
    user\V_Timer.c                           0x00000000   Number         0  v_timer.o ABSOLUTE
    user\am2320.c                            0x00000000   Number         0  am2320.o ABSOLUTE
    user\cmd.c                               0x00000000   Number         0  cmd.o ABSOLUTE
    user\crc.c                               0x00000000   Number         0  crc.o ABSOLUTE
    user\delay.c                             0x00000000   Number         0  delay.o ABSOLUTE
    user\dog.c                               0x00000000   Number         0  dog.o ABSOLUTE
    user\i2c.c                               0x00000000   Number         0  i2c.o ABSOLUTE
    user\i2c2.c                              0x00000000   Number         0  i2c2.o ABSOLUTE
    user\led.c                               0x00000000   Number         0  led.o ABSOLUTE
    user\main.c                              0x00000000   Number         0  main.o ABSOLUTE
    user\rcc.c                               0x00000000   Number         0  rcc.o ABSOLUTE
    user\timer.c                             0x00000000   Number         0  timer.o ABSOLUTE
    user\usart.c                             0x00000000   Number         0  usart.o ABSOLUTE
    RESET                                    0x08000000   Section      304  startup_stm32f10x_hd.o(RESET)
    .ARM.Collect$$$$00000000                 0x08000130   Section        0  entry.o(.ARM.Collect$$$$00000000)
    .ARM.Collect$$$$00000001                 0x08000130   Section        4  entry2.o(.ARM.Collect$$$$00000001)
    .ARM.Collect$$$$00000004                 0x08000134   Section        4  entry5.o(.ARM.Collect$$$$00000004)
    .ARM.Collect$$$$00000008                 0x08000138   Section        0  entry7b.o(.ARM.Collect$$$$00000008)
    .ARM.Collect$$$$0000000A                 0x08000138   Section        0  entry8b.o(.ARM.Collect$$$$0000000A)
    .ARM.Collect$$$$0000000B                 0x08000138   Section        8  entry9a.o(.ARM.Collect$$$$0000000B)
    .ARM.Collect$$$$0000000D                 0x08000140   Section        0  entry10a.o(.ARM.Collect$$$$0000000D)
    .ARM.Collect$$$$0000000F                 0x08000140   Section        0  entry11a.o(.ARM.Collect$$$$0000000F)
    .ARM.Collect$$$$00002712                 0x08000140   Section        4  entry2.o(.ARM.Collect$$$$00002712)
    __lit__00000000                          0x08000140   Data           4  entry2.o(.ARM.Collect$$$$00002712)
    .text                                    0x08000144   Section       36  startup_stm32f10x_hd.o(.text)
    .text                                    0x08000168   Section        0  memcpya.o(.text)
    .text                                    0x0800018c   Section        0  memseta.o(.text)
    .text                                    0x080001b0   Section        0  fadd.o(.text)
    .text                                    0x08000260   Section        0  fmul.o(.text)
    .text                                    0x080002c4   Section        0  fdiv.o(.text)
    .text                                    0x08000340   Section        0  ddiv.o(.text)
    .text                                    0x0800041e   Section        0  ffltui.o(.text)
    .text                                    0x08000428   Section        0  ffixui.o(.text)
    .text                                    0x08000450   Section        0  uidiv.o(.text)
    .text                                    0x0800047c   Section        0  uldiv.o(.text)
    .text                                    0x080004de   Section        0  fepilogue.o(.text)
    .text                                    0x080004de   Section        0  iusefp.o(.text)
    .text                                    0x0800054c   Section        0  depilogue.o(.text)
    .text                                    0x08000606   Section        0  dadd.o(.text)
    .text                                    0x08000754   Section        0  dmul.o(.text)
    .text                                    0x08000838   Section        0  dfixul.o(.text)
    .text                                    0x08000868   Section       48  cdrcmple.o(.text)
    .text                                    0x08000898   Section       36  init.o(.text)
    .text                                    0x080008bc   Section        0  llshl.o(.text)
    .text                                    0x080008da   Section        0  llushr.o(.text)
    .text                                    0x080008fa   Section        0  llsshr.o(.text)
    i.AckFrame                               0x08000920   Section        0  usart_data_handle.o(i.AckFrame)
    i.BusFault_Handler                       0x080009c8   Section        0  stm32f10x_it.o(i.BusFault_Handler)
    i.Cmd_f                                  0x080009cc   Section        0  usart_data_handle.o(i.Cmd_f)
    i.Confirm_f                              0x080009e8   Section        0  usart_data_handle.o(i.Confirm_f)
    i.Data_f                                 0x08000a04   Section        0  usart_data_handle.o(i.Data_f)
    i.DebugMon_Handler                       0x08000a60   Section        0  stm32f10x_it.o(i.DebugMon_Handler)
    i.Delayms                                0x08000a62   Section        0  delay.o(i.Delayms)
    i.En_GetEdit                             0x08000a80   Section        0  cmd.o(i.En_GetEdit)
    i.En_SendDat                             0x08000a9c   Section        0  cmd.o(i.En_SendDat)
    i.Get_Crc16                              0x08000ad0   Section        0  crc.o(i.Get_Crc16)
    i.Get_Edition                            0x08000b0c   Section        0  cmd.o(i.Get_Edition)
    i.HardFault_Handler                      0x08000b68   Section        0  stm32f10x_it.o(i.HardFault_Handler)
    i.HeartDataUp                            0x08000b6c   Section        0  usart_data_handle.o(i.HeartDataUp)
    i.HeartbeatInterval                      0x08000ba4   Section        0  usart_data_handle.o(i.HeartbeatInterval)
    i.IIC_Ack                                0x08000c10   Section        0  i2c.o(i.IIC_Ack)
    i.IIC_NAck                               0x08000c9c   Section        0  i2c.o(i.IIC_NAck)
    i.IIC_Read_Byte                          0x08000d24   Section        0  i2c.o(i.IIC_Read_Byte)
    i.IIC_Send_Byte                          0x08000dc4   Section        0  i2c.o(i.IIC_Send_Byte)
    i.IIC_Start                              0x08000e94   Section        0  i2c.o(i.IIC_Start)
    i.IIC_Stop                               0x08000f2c   Section        0  i2c.o(i.IIC_Stop)
    i.IIC_Wait_Ack                           0x08000fac   Section        0  i2c.o(i.IIC_Wait_Ack)
    i.IIC_Wait_Ack_24c32                     0x0800104c   Section        0  i2c.o(i.IIC_Wait_Ack_24c32)
    i.Init_TIM2                              0x080010f4   Section        0  v_timer.o(i.Init_TIM2)
    i.InquireFrame                           0x08001148   Section        0  usart_data_handle.o(i.InquireFrame)
    i.InquireTimer                           0x080011f0   Section        0  usart_data_handle.o(i.InquireTimer)
    i.MemManage_Handler                      0x08001240   Section        0  stm32f10x_it.o(i.MemManage_Handler)
    i.NMI_Handler                            0x08001244   Section        0  stm32f10x_it.o(i.NMI_Handler)
    i.Pack_Frame                             0x08001248   Section        0  usart_data_handle.o(i.Pack_Frame)
    i.PendSV_Handler                         0x08001328   Section        0  stm32f10x_it.o(i.PendSV_Handler)
    i.QueryDevice                            0x0800132c   Section        0  usart_data_handle.o(i.QueryDevice)
    i.Read_RTC                               0x080014c4   Section        0  ds1307.o(i.Read_RTC)
    i.Read_RanAddr                           0x08001524   Section        0  24c32.o(i.Read_RanAddr)
    i.RegisterDevice                         0x08001580   Section        0  usart_data_handle.o(i.RegisterDevice)
    i.RegisterMasterDevice                   0x080016b4   Section        0  cmd.o(i.RegisterMasterDevice)
    i.RemoveDevice                           0x080016f4   Section        0  usart_data_handle.o(i.RemoveDevice)
    i.Reply_f                                0x080017bc   Section        0  usart_data_handle.o(i.Reply_f)
    i.RotationEquipment                      0x080018e8   Section        0  cmd.o(i.RotationEquipment)
    i.SVC_Handler                            0x08001938   Section        0  stm32f10x_it.o(i.SVC_Handler)
    i.SelfPack_Frame                         0x0800193c   Section        0  usart_data_handle.o(i.SelfPack_Frame)
    i.SendData                               0x080019d0   Section        0  usart_data_handle.o(i.SendData)
    i.SetSysClock                            0x08001a08   Section        0  system_stm32f10x.o(i.SetSysClock)
    SetSysClock                              0x08001a09   Thumb Code     8  system_stm32f10x.o(i.SetSysClock)
    i.SetSysClockTo72                        0x08001a10   Section        0  system_stm32f10x.o(i.SetSysClockTo72)
    SetSysClockTo72                          0x08001a11   Thumb Code   214  system_stm32f10x.o(i.SetSysClockTo72)
    i.Set_RTC                                0x08001af0   Section        0  ds1307.o(i.Set_RTC)
    i.Set_Time                               0x08001b0c   Section        0  usart_data_handle.o(i.Set_Time)
    i.SysTick_Handler                        0x08001b74   Section        0  stm32f10x_it.o(i.SysTick_Handler)
    i.SystemInit                             0x08001b78   Section        0  system_stm32f10x.o(i.SystemInit)
    i.TIM2_IRQHandler                        0x08001bd8   Section        0  v_timer.o(i.TIM2_IRQHandler)
    i.TIM3_IRQHandler                        0x08001bf0   Section        0  timer.o(i.TIM3_IRQHandler)
    i.TIM4_IRQHandler                        0x08001c20   Section        0  timer.o(i.TIM4_IRQHandler)
    i.USART1_IRQHandler                      0x08001c58   Section        0  usart.o(i.USART1_IRQHandler)
    i.USART1_NVIC_Init                       0x08001d10   Section        0  usart.o(i.USART1_NVIC_Init)
    i.USART1_RxData                          0x08001d38   Section        0  usart_data_handle.o(i.USART1_RxData)
    i.USART1_over_time                       0x08001e10   Section        0  usart.o(i.USART1_over_time)
    i.USART2_IRQHandler                      0x08001e24   Section        0  usart.o(i.USART2_IRQHandler)
    i.USART2_NVIC_Init                       0x08001e78   Section        0  usart.o(i.USART2_NVIC_Init)
    i.USART2_RxData                          0x08001ebc   Section        0  usart_data_handle.o(i.USART2_RxData)
    i.USART2_over_time                       0x08001fe4   Section        0  usart.o(i.USART2_over_time)
    i.Uart1RxDatahandle                      0x08001ff8   Section        0  cmd.o(i.Uart1RxDatahandle)
    i.Uart1_PutChar                          0x0800204c   Section        0  usart.o(i.Uart1_PutChar)
    i.Uart2RxDatahandle                      0x0800206c   Section        0  cmd.o(i.Uart2RxDatahandle)
    i.Uart2_PutChar                          0x080020a4   Section        0  usart.o(i.Uart2_PutChar)
    i.UsageFault_Handler                     0x080020c0   Section        0  stm32f10x_it.o(i.UsageFault_Handler)
    i.WWDG_IRQHandler                        0x080020c4   Section        0  dog.o(i.WWDG_IRQHandler)
    i.__0printf                              0x080020d0   Section        0  printfa.o(i.__0printf)
    i.__scatterload_copy                     0x080020f0   Section       14  handlers.o(i.__scatterload_copy)
    i.__scatterload_null                     0x080020fe   Section        2  handlers.o(i.__scatterload_null)
    i.__scatterload_zeroinit                 0x08002100   Section       14  handlers.o(i.__scatterload_zeroinit)
    i._fp_digits                             0x08002110   Section        0  printfa.o(i._fp_digits)
    _fp_digits                               0x08002111   Thumb Code   334  printfa.o(i._fp_digits)
    i._printf_core                           0x08002274   Section        0  printfa.o(i._printf_core)
    _printf_core                             0x08002275   Thumb Code  1744  printfa.o(i._printf_core)
    i._printf_post_padding                   0x08002950   Section        0  printfa.o(i._printf_post_padding)
    _printf_post_padding                     0x08002951   Thumb Code    36  printfa.o(i._printf_post_padding)
    i._printf_pre_padding                    0x08002974   Section        0  printfa.o(i._printf_pre_padding)
    _printf_pre_padding                      0x08002975   Thumb Code    46  printfa.o(i._printf_pre_padding)
    i.delay_us                               0x080029a2   Section        0  delay.o(i.delay_us)
    i.en_24c32                               0x080029d8   Section        0  24c32.o(i.en_24c32)
    i.fputc                                  0x08002a14   Section        0  usart.o(i.fputc)
    i.init_i2c1                              0x08002a30   Section        0  i2c.o(i.init_i2c1)
    i.main                                   0x08002a6c   Section        0  main.o(i.main)
    i.uart1_init                             0x08002ae0   Section        0  usart.o(i.uart1_init)
    i.uart2_init                             0x08002bdc   Section        0  usart.o(i.uart2_init)
    i.vtimer_KillTimer                       0x08002cac   Section        0  v_timer.o(i.vtimer_KillTimer)
    i.vtimer_SetTimer                        0x08002cc0   Section        0  v_timer.o(i.vtimer_SetTimer)
    i.vtimer_UpdateHandler                   0x08002cd4   Section        0  v_timer.o(i.vtimer_UpdateHandler)
    i.vtimer_init                            0x08002d18   Section        0  v_timer.o(i.vtimer_init)
    i.write_byte                             0x08002d40   Section        0  24c32.o(i.write_byte)
    i.write_dat                              0x08002d90   Section        0  ds1307.o(i.write_dat)
    .constdata                               0x08002dd0   Section       56  usart_data_handle.o(.constdata)
    .constdata                               0x08002e08   Section       20  cmd.o(.constdata)
    .data                                    0x20000000   Section       30  usart.o(.data)
    .data                                    0x2000001e   Section       30  usart_data_handle.o(.data)
    Rx_num                                   0x2000003a   Data           1  usart_data_handle.o(.data)
    FSN                                      0x2000003b   Data           1  usart_data_handle.o(.data)
    .data                                    0x2000003c   Section        6  cmd.o(.data)
    FrameNum                                 0x2000003e   Data           1  cmd.o(.data)
    m_MACnum                                 0x2000003f   Data           1  cmd.o(.data)
    FSN                                      0x20000040   Data           1  cmd.o(.data)
    count                                    0x20000041   Data           1  cmd.o(.data)
    .data                                    0x20000042   Section       16  ds1307.o(.data)
    .data                                    0x20000052   Section        4  timer.o(.data)
    .data                                    0x20000058   Section        4  stdout.o(.data)
    .bss                                     0x2000005c   Section     1400  usart.o(.bss)
    .bss                                     0x200005d4   Section       88  v_timer.o(.bss)
    sVtimer                                  0x200005d4   Data          88  v_timer.o(.bss)
    STACK                                    0x20000630   Section     1024  startup_stm32f10x_hd.o(STACK)

    Global Symbols

    Symbol Name                              Value     Ov Type        Size  Object(Section)

    BuildAttributes$$THM_ISAv4$P$D$K$B$S$PE$A:L22UL41UL21$X:L11$S22US41US21$IEEE1$IW$USESV6$~STKCKD$USESV7$~SHL$OTIME$ROPI$EBA8$MICROLIB$REQ8$PRES8$EABIv2 0x00000000   Number         0  anon$$obj.o ABSOLUTE
    __ARM_use_no_argv                        0x00000000   Number         0  main.o ABSOLUTE
    _printf_a                                0x00000000   Number         0  stubs.o ABSOLUTE
    _printf_c                                0x00000000   Number         0  stubs.o ABSOLUTE
    _printf_charcount                        0x00000000   Number         0  stubs.o ABSOLUTE
    _printf_d                                0x00000000   Number         0  stubs.o ABSOLUTE
    _printf_e                                0x00000000   Number         0  stubs.o ABSOLUTE
    _printf_f                                0x00000000   Number         0  stubs.o ABSOLUTE
    _printf_flags                            0x00000000   Number         0  stubs.o ABSOLUTE
    _printf_fp_dec                           0x00000000   Number         0  stubs.o ABSOLUTE
    _printf_fp_hex                           0x00000000   Number         0  stubs.o ABSOLUTE
    _printf_g                                0x00000000   Number         0  stubs.o ABSOLUTE
    _printf_i                                0x00000000   Number         0  stubs.o ABSOLUTE
    _printf_int_dec                          0x00000000   Number         0  stubs.o ABSOLUTE
    _printf_l                                0x00000000   Number         0  stubs.o ABSOLUTE
    _printf_lc                               0x00000000   Number         0  stubs.o ABSOLUTE
    _printf_ll                               0x00000000   Number         0  stubs.o ABSOLUTE
    _printf_lld                              0x00000000   Number         0  stubs.o ABSOLUTE
    _printf_lli                              0x00000000   Number         0  stubs.o ABSOLUTE
    _printf_llo                              0x00000000   Number         0  stubs.o ABSOLUTE
    _printf_llu                              0x00000000   Number         0  stubs.o ABSOLUTE
    _printf_llx                              0x00000000   Number         0  stubs.o ABSOLUTE
    _printf_longlong_dec                     0x00000000   Number         0  stubs.o ABSOLUTE
    _printf_longlong_hex                     0x00000000   Number         0  stubs.o ABSOLUTE
    _printf_longlong_oct                     0x00000000   Number         0  stubs.o ABSOLUTE
    _printf_ls                               0x00000000   Number         0  stubs.o ABSOLUTE
    _printf_mbtowc                           0x00000000   Number         0  stubs.o ABSOLUTE
    _printf_n                                0x00000000   Number         0  stubs.o ABSOLUTE
    _printf_o                                0x00000000   Number         0  stubs.o ABSOLUTE
    _printf_p                                0x00000000   Number         0  stubs.o ABSOLUTE
    _printf_percent                          0x00000000   Number         0  stubs.o ABSOLUTE
    _printf_pre_padding                      0x00000000   Number         0  stubs.o ABSOLUTE
    _printf_return_value                     0x00000000   Number         0  stubs.o ABSOLUTE
    _printf_s                                0x00000000   Number         0  stubs.o ABSOLUTE
    _printf_sizespec                         0x00000000   Number         0  stubs.o ABSOLUTE
    _printf_str                              0x00000000   Number         0  stubs.o ABSOLUTE
    _printf_truncate_signed                  0x00000000   Number         0  stubs.o ABSOLUTE
    _printf_truncate_unsigned                0x00000000   Number         0  stubs.o ABSOLUTE
    _printf_u                                0x00000000   Number         0  stubs.o ABSOLUTE
    _printf_wc                               0x00000000   Number         0  stubs.o ABSOLUTE
    _printf_wctomb                           0x00000000   Number         0  stubs.o ABSOLUTE
    _printf_widthprec                        0x00000000   Number         0  stubs.o ABSOLUTE
    _printf_x                                0x00000000   Number         0  stubs.o ABSOLUTE
    __cpp_initialize__aeabi_                  - Undefined Weak Reference
    __cxa_finalize                            - Undefined Weak Reference
    __decompress                              - Undefined Weak Reference
    _clock_init                               - Undefined Weak Reference
    _microlib_exit                            - Undefined Weak Reference
    __Vectors_Size                           0x00000130   Number         0  startup_stm32f10x_hd.o ABSOLUTE
    __Vectors                                0x08000000   Data           4  startup_stm32f10x_hd.o(RESET)
    __Vectors_End                            0x08000130   Data           0  startup_stm32f10x_hd.o(RESET)
    __main                                   0x08000131   Thumb Code     0  entry.o(.ARM.Collect$$$$00000000)
    _main_stk                                0x08000131   Thumb Code     0  entry2.o(.ARM.Collect$$$$00000001)
    _main_scatterload                        0x08000135   Thumb Code     0  entry5.o(.ARM.Collect$$$$00000004)
    __main_after_scatterload                 0x08000139   Thumb Code     0  entry5.o(.ARM.Collect$$$$00000004)
    _main_clock                              0x08000139   Thumb Code     0  entry7b.o(.ARM.Collect$$$$00000008)
    _main_cpp_init                           0x08000139   Thumb Code     0  entry8b.o(.ARM.Collect$$$$0000000A)
    _main_init                               0x08000139   Thumb Code     0  entry9a.o(.ARM.Collect$$$$0000000B)
    __rt_final_cpp                           0x08000141   Thumb Code     0  entry10a.o(.ARM.Collect$$$$0000000D)
    __rt_final_exit                          0x08000141   Thumb Code     0  entry11a.o(.ARM.Collect$$$$0000000F)
    Reset_Handler                            0x08000145   Thumb Code     8  startup_stm32f10x_hd.o(.text)
    ADC1_2_IRQHandler                        0x0800015f   Thumb Code     0  startup_stm32f10x_hd.o(.text)
    ADC3_IRQHandler                          0x0800015f   Thumb Code     0  startup_stm32f10x_hd.o(.text)
    CAN1_RX1_IRQHandler                      0x0800015f   Thumb Code     0  startup_stm32f10x_hd.o(.text)
    CAN1_SCE_IRQHandler                      0x0800015f   Thumb Code     0  startup_stm32f10x_hd.o(.text)
    DMA1_Channel1_IRQHandler                 0x0800015f   Thumb Code     0  startup_stm32f10x_hd.o(.text)
    DMA1_Channel2_IRQHandler                 0x0800015f   Thumb Code     0  startup_stm32f10x_hd.o(.text)
    DMA1_Channel3_IRQHandler                 0x0800015f   Thumb Code     0  startup_stm32f10x_hd.o(.text)
    DMA1_Channel4_IRQHandler                 0x0800015f   Thumb Code     0  startup_stm32f10x_hd.o(.text)
    DMA1_Channel5_IRQHandler                 0x0800015f   Thumb Code     0  startup_stm32f10x_hd.o(.text)
    DMA1_Channel6_IRQHandler                 0x0800015f   Thumb Code     0  startup_stm32f10x_hd.o(.text)
    DMA1_Channel7_IRQHandler                 0x0800015f   Thumb Code     0  startup_stm32f10x_hd.o(.text)
    DMA2_Channel1_IRQHandler                 0x0800015f   Thumb Code     0  startup_stm32f10x_hd.o(.text)
    DMA2_Channel2_IRQHandler                 0x0800015f   Thumb Code     0  startup_stm32f10x_hd.o(.text)
    DMA2_Channel3_IRQHandler                 0x0800015f   Thumb Code     0  startup_stm32f10x_hd.o(.text)
    DMA2_Channel4_5_IRQHandler               0x0800015f   Thumb Code     0  startup_stm32f10x_hd.o(.text)
    EXTI0_IRQHandler                         0x0800015f   Thumb Code     0  startup_stm32f10x_hd.o(.text)
    EXTI15_10_IRQHandler                     0x0800015f   Thumb Code     0  startup_stm32f10x_hd.o(.text)
    EXTI1_IRQHandler                         0x0800015f   Thumb Code     0  startup_stm32f10x_hd.o(.text)
    EXTI2_IRQHandler                         0x0800015f   Thumb Code     0  startup_stm32f10x_hd.o(.text)
    EXTI3_IRQHandler                         0x0800015f   Thumb Code     0  startup_stm32f10x_hd.o(.text)
    EXTI4_IRQHandler                         0x0800015f   Thumb Code     0  startup_stm32f10x_hd.o(.text)
    EXTI9_5_IRQHandler                       0x0800015f   Thumb Code     0  startup_stm32f10x_hd.o(.text)
    FLASH_IRQHandler                         0x0800015f   Thumb Code     0  startup_stm32f10x_hd.o(.text)
    FSMC_IRQHandler                          0x0800015f   Thumb Code     0  startup_stm32f10x_hd.o(.text)
    I2C1_ER_IRQHandler                       0x0800015f   Thumb Code     0  startup_stm32f10x_hd.o(.text)
    I2C1_EV_IRQHandler                       0x0800015f   Thumb Code     0  startup_stm32f10x_hd.o(.text)
    I2C2_ER_IRQHandler                       0x0800015f   Thumb Code     0  startup_stm32f10x_hd.o(.text)
    I2C2_EV_IRQHandler                       0x0800015f   Thumb Code     0  startup_stm32f10x_hd.o(.text)
    PVD_IRQHandler                           0x0800015f   Thumb Code     0  startup_stm32f10x_hd.o(.text)
    RCC_IRQHandler                           0x0800015f   Thumb Code     0  startup_stm32f10x_hd.o(.text)
    RTCAlarm_IRQHandler                      0x0800015f   Thumb Code     0  startup_stm32f10x_hd.o(.text)
    RTC_IRQHandler                           0x0800015f   Thumb Code     0  startup_stm32f10x_hd.o(.text)
    SDIO_IRQHandler                          0x0800015f   Thumb Code     0  startup_stm32f10x_hd.o(.text)
    SPI1_IRQHandler                          0x0800015f   Thumb Code     0  startup_stm32f10x_hd.o(.text)
    SPI2_IRQHandler                          0x0800015f   Thumb Code     0  startup_stm32f10x_hd.o(.text)
    SPI3_IRQHandler                          0x0800015f   Thumb Code     0  startup_stm32f10x_hd.o(.text)
    TAMPER_IRQHandler                        0x0800015f   Thumb Code     0  startup_stm32f10x_hd.o(.text)
    TIM1_BRK_IRQHandler                      0x0800015f   Thumb Code     0  startup_stm32f10x_hd.o(.text)
    TIM1_CC_IRQHandler                       0x0800015f   Thumb Code     0  startup_stm32f10x_hd.o(.text)
    TIM1_TRG_COM_IRQHandler                  0x0800015f   Thumb Code     0  startup_stm32f10x_hd.o(.text)
    TIM1_UP_IRQHandler                       0x0800015f   Thumb Code     0  startup_stm32f10x_hd.o(.text)
    TIM5_IRQHandler                          0x0800015f   Thumb Code     0  startup_stm32f10x_hd.o(.text)
    TIM6_IRQHandler                          0x0800015f   Thumb Code     0  startup_stm32f10x_hd.o(.text)
    TIM7_IRQHandler                          0x0800015f   Thumb Code     0  startup_stm32f10x_hd.o(.text)
    TIM8_BRK_IRQHandler                      0x0800015f   Thumb Code     0  startup_stm32f10x_hd.o(.text)
    TIM8_CC_IRQHandler                       0x0800015f   Thumb Code     0  startup_stm32f10x_hd.o(.text)
    TIM8_TRG_COM_IRQHandler                  0x0800015f   Thumb Code     0  startup_stm32f10x_hd.o(.text)
    TIM8_UP_IRQHandler                       0x0800015f   Thumb Code     0  startup_stm32f10x_hd.o(.text)
    UART4_IRQHandler                         0x0800015f   Thumb Code     0  startup_stm32f10x_hd.o(.text)
    UART5_IRQHandler                         0x0800015f   Thumb Code     0  startup_stm32f10x_hd.o(.text)
    USART3_IRQHandler                        0x0800015f   Thumb Code     0  startup_stm32f10x_hd.o(.text)
    USBWakeUp_IRQHandler                     0x0800015f   Thumb Code     0  startup_stm32f10x_hd.o(.text)
    USB_HP_CAN1_TX_IRQHandler                0x0800015f   Thumb Code     0  startup_stm32f10x_hd.o(.text)
    USB_LP_CAN1_RX0_IRQHandler               0x0800015f   Thumb Code     0  startup_stm32f10x_hd.o(.text)
    __aeabi_memcpy                           0x08000169   Thumb Code    36  memcpya.o(.text)
    __aeabi_memcpy4                          0x08000169   Thumb Code     0  memcpya.o(.text)
    __aeabi_memcpy8                          0x08000169   Thumb Code     0  memcpya.o(.text)
    __aeabi_memset                           0x0800018d   Thumb Code    14  memseta.o(.text)
    __aeabi_memset4                          0x0800018d   Thumb Code     0  memseta.o(.text)
    __aeabi_memset8                          0x0800018d   Thumb Code     0  memseta.o(.text)
    __aeabi_memclr                           0x0800019b   Thumb Code     4  memseta.o(.text)
    __aeabi_memclr4                          0x0800019b   Thumb Code     0  memseta.o(.text)
    __aeabi_memclr8                          0x0800019b   Thumb Code     0  memseta.o(.text)
    _memset$wrapper                          0x0800019f   Thumb Code    18  memseta.o(.text)
    __aeabi_fadd                             0x080001b1   Thumb Code   164  fadd.o(.text)
    __aeabi_fsub                             0x08000255   Thumb Code     6  fadd.o(.text)
    __aeabi_frsub                            0x0800025b   Thumb Code     6  fadd.o(.text)
    __aeabi_fmul                             0x08000261   Thumb Code   100  fmul.o(.text)
    __aeabi_fdiv                             0x080002c5   Thumb Code   124  fdiv.o(.text)
    __aeabi_ddiv                             0x08000341   Thumb Code   222  ddiv.o(.text)
    __aeabi_ui2f                             0x0800041f   Thumb Code    10  ffltui.o(.text)
    __aeabi_f2uiz                            0x08000429   Thumb Code    40  ffixui.o(.text)
    __aeabi_uidiv                            0x08000451   Thumb Code     0  uidiv.o(.text)
    __aeabi_uidivmod                         0x08000451   Thumb Code    44  uidiv.o(.text)
    __aeabi_uldivmod                         0x0800047d   Thumb Code    98  uldiv.o(.text)
    __I$use$fp                               0x080004df   Thumb Code     0  iusefp.o(.text)
    _float_round                             0x080004df   Thumb Code    18  fepilogue.o(.text)
    _float_epilogue                          0x080004f1   Thumb Code    92  fepilogue.o(.text)
    _double_round                            0x0800054d   Thumb Code    30  depilogue.o(.text)
    _double_epilogue                         0x0800056b   Thumb Code   156  depilogue.o(.text)
    __aeabi_dadd                             0x08000607   Thumb Code   322  dadd.o(.text)
    __aeabi_dsub                             0x08000749   Thumb Code     6  dadd.o(.text)
    __aeabi_drsub                            0x0800074f   Thumb Code     6  dadd.o(.text)
    __aeabi_dmul                             0x08000755   Thumb Code   228  dmul.o(.text)
    __aeabi_d2ulz                            0x08000839   Thumb Code    48  dfixul.o(.text)
    __aeabi_cdrcmple                         0x08000869   Thumb Code    48  cdrcmple.o(.text)
    __scatterload                            0x08000899   Thumb Code    28  init.o(.text)
    __scatterload_rt2                        0x08000899   Thumb Code     0  init.o(.text)
    __aeabi_llsl                             0x080008bd   Thumb Code    30  llshl.o(.text)
    _ll_shift_l                              0x080008bd   Thumb Code     0  llshl.o(.text)
    __aeabi_llsr                             0x080008db   Thumb Code    32  llushr.o(.text)
    _ll_ushift_r                             0x080008db   Thumb Code     0  llushr.o(.text)
    __aeabi_lasr                             0x080008fb   Thumb Code    36  llsshr.o(.text)
    _ll_sshift_r                             0x080008fb   Thumb Code     0  llsshr.o(.text)
    AckFrame                                 0x08000921   Thumb Code   134  usart_data_handle.o(i.AckFrame)
    BusFault_Handler                         0x080009c9   Thumb Code     4  stm32f10x_it.o(i.BusFault_Handler)
    Cmd_f                                    0x080009cd   Thumb Code    18  usart_data_handle.o(i.Cmd_f)
    Confirm_f                                0x080009e9   Thumb Code    18  usart_data_handle.o(i.Confirm_f)
    Data_f                                   0x08000a05   Thumb Code    86  usart_data_handle.o(i.Data_f)
    DebugMon_Handler                         0x08000a61   Thumb Code     2  stm32f10x_it.o(i.DebugMon_Handler)
    Delayms                                  0x08000a63   Thumb Code    30  delay.o(i.Delayms)
    En_GetEdit                               0x08000a81   Thumb Code    24  cmd.o(i.En_GetEdit)
    En_SendDat                               0x08000a9d   Thumb Code    48  cmd.o(i.En_SendDat)
    Get_Crc16                                0x08000ad1   Thumb Code    60  crc.o(i.Get_Crc16)
    Get_Edition                              0x08000b0d   Thumb Code    84  cmd.o(i.Get_Edition)
    HardFault_Handler                        0x08000b69   Thumb Code     4  stm32f10x_it.o(i.HardFault_Handler)
    HeartDataUp                              0x08000b6d   Thumb Code    52  usart_data_handle.o(i.HeartDataUp)
    HeartbeatInterval                        0x08000ba5   Thumb Code    96  usart_data_handle.o(i.HeartbeatInterval)
    IIC_Ack                                  0x08000c11   Thumb Code   136  i2c.o(i.IIC_Ack)
    IIC_NAck                                 0x08000c9d   Thumb Code   130  i2c.o(i.IIC_NAck)
    IIC_Read_Byte                            0x08000d25   Thumb Code   154  i2c.o(i.IIC_Read_Byte)
    IIC_Send_Byte                            0x08000dc5   Thumb Code   204  i2c.o(i.IIC_Send_Byte)
    IIC_Start                                0x08000e95   Thumb Code   148  i2c.o(i.IIC_Start)
    IIC_Stop                                 0x08000f2d   Thumb Code   122  i2c.o(i.IIC_Stop)
    IIC_Wait_Ack                             0x08000fad   Thumb Code   156  i2c.o(i.IIC_Wait_Ack)
    IIC_Wait_Ack_24c32                       0x0800104d   Thumb Code   164  i2c.o(i.IIC_Wait_Ack_24c32)
    Init_TIM2                                0x080010f5   Thumb Code    72  v_timer.o(i.Init_TIM2)
    InquireFrame                             0x08001149   Thumb Code   156  usart_data_handle.o(i.InquireFrame)
    InquireTimer                             0x080011f1   Thumb Code    64  usart_data_handle.o(i.InquireTimer)
    MemManage_Handler                        0x08001241   Thumb Code     4  stm32f10x_it.o(i.MemManage_Handler)
    NMI_Handler                              0x08001245   Thumb Code     2  stm32f10x_it.o(i.NMI_Handler)
    Pack_Frame                               0x08001249   Thumb Code   202  usart_data_handle.o(i.Pack_Frame)
    PendSV_Handler                           0x08001329   Thumb Code     2  stm32f10x_it.o(i.PendSV_Handler)
    QueryDevice                              0x0800132d   Thumb Code   376  usart_data_handle.o(i.QueryDevice)
    Read_RTC                                 0x080014c5   Thumb Code    92  ds1307.o(i.Read_RTC)
    Read_RanAddr                             0x08001525   Thumb Code    92  24c32.o(i.Read_RanAddr)
    RegisterDevice                           0x08001581   Thumb Code   298  usart_data_handle.o(i.RegisterDevice)
    RegisterMasterDevice                     0x080016b5   Thumb Code    58  cmd.o(i.RegisterMasterDevice)
    RemoveDevice                             0x080016f5   Thumb Code   166  usart_data_handle.o(i.RemoveDevice)
    Reply_f                                  0x080017bd   Thumb Code   264  usart_data_handle.o(i.Reply_f)
    RotationEquipment                        0x080018e9   Thumb Code    66  cmd.o(i.RotationEquipment)
    SVC_Handler                              0x08001939   Thumb Code     2  stm32f10x_it.o(i.SVC_Handler)
    SelfPack_Frame                           0x0800193d   Thumb Code   140  usart_data_handle.o(i.SelfPack_Frame)
    SendData                                 0x080019d1   Thumb Code    52  usart_data_handle.o(i.SendData)
    Set_RTC                                  0x08001af1   Thumb Code    28  ds1307.o(i.Set_RTC)
    Set_Time                                 0x08001b0d   Thumb Code    84  usart_data_handle.o(i.Set_Time)
    SysTick_Handler                          0x08001b75   Thumb Code     2  stm32f10x_it.o(i.SysTick_Handler)
    SystemInit                               0x08001b79   Thumb Code    78  system_stm32f10x.o(i.SystemInit)
    TIM2_IRQHandler                          0x08001bd9   Thumb Code    24  v_timer.o(i.TIM2_IRQHandler)
    TIM3_IRQHandler                          0x08001bf1   Thumb Code    36  timer.o(i.TIM3_IRQHandler)
    TIM4_IRQHandler                          0x08001c21   Thumb Code    42  timer.o(i.TIM4_IRQHandler)
    USART1_IRQHandler                        0x08001c59   Thumb Code   148  usart.o(i.USART1_IRQHandler)
    USART1_NVIC_Init                         0x08001d11   Thumb Code    26  usart.o(i.USART1_NVIC_Init)
    USART1_RxData                            0x08001d39   Thumb Code   202  usart_data_handle.o(i.USART1_RxData)
    USART1_over_time                         0x08001e11   Thumb Code    14  usart.o(i.USART1_over_time)
    USART2_IRQHandler                        0x08001e25   Thumb Code    64  usart.o(i.USART2_IRQHandler)
    USART2_NVIC_Init                         0x08001e79   Thumb Code    48  usart.o(i.USART2_NVIC_Init)
    USART2_RxData                            0x08001ebd   Thumb Code   270  usart_data_handle.o(i.USART2_RxData)
    USART2_over_time                         0x08001fe5   Thumb Code    16  usart.o(i.USART2_over_time)
    Uart1RxDatahandle                        0x08001ff9   Thumb Code    74  cmd.o(i.Uart1RxDatahandle)
    Uart1_PutChar                            0x0800204d   Thumb Code    28  usart.o(i.Uart1_PutChar)
    Uart2RxDatahandle                        0x0800206d   Thumb Code    50  cmd.o(i.Uart2RxDatahandle)
    Uart2_PutChar                            0x080020a5   Thumb Code    20  usart.o(i.Uart2_PutChar)
    UsageFault_Handler                       0x080020c1   Thumb Code     4  stm32f10x_it.o(i.UsageFault_Handler)
    WWDG_IRQHandler                          0x080020c5   Thumb Code     8  dog.o(i.WWDG_IRQHandler)
    __0printf                                0x080020d1   Thumb Code    22  printfa.o(i.__0printf)
    __1printf                                0x080020d1   Thumb Code     0  printfa.o(i.__0printf)
    __2printf                                0x080020d1   Thumb Code     0  printfa.o(i.__0printf)
    __c89printf                              0x080020d1   Thumb Code     0  printfa.o(i.__0printf)
    printf                                   0x080020d1   Thumb Code     0  printfa.o(i.__0printf)
    __scatterload_copy                       0x080020f1   Thumb Code    14  handlers.o(i.__scatterload_copy)
    __scatterload_null                       0x080020ff   Thumb Code     2  handlers.o(i.__scatterload_null)
    __scatterload_zeroinit                   0x08002101   Thumb Code    14  handlers.o(i.__scatterload_zeroinit)
    delay_us                                 0x080029a3   Thumb Code    54  delay.o(i.delay_us)
    en_24c32                                 0x080029d9   Thumb Code    52  24c32.o(i.en_24c32)
    fputc                                    0x08002a15   Thumb Code    24  usart.o(i.fputc)
    init_i2c1                                0x08002a31   Thumb Code    52  i2c.o(i.init_i2c1)
    main                                     0x08002a6d   Thumb Code   102  main.o(i.main)
    uart1_init                               0x08002ae1   Thumb Code   228  usart.o(i.uart1_init)
    uart2_init                               0x08002bdd   Thumb Code   190  usart.o(i.uart2_init)
    vtimer_KillTimer                         0x08002cad   Thumb Code    16  v_timer.o(i.vtimer_KillTimer)
    vtimer_SetTimer                          0x08002cc1   Thumb Code    14  v_timer.o(i.vtimer_SetTimer)
    vtimer_UpdateHandler                     0x08002cd5   Thumb Code    64  v_timer.o(i.vtimer_UpdateHandler)
    vtimer_init                              0x08002d19   Thumb Code    34  v_timer.o(i.vtimer_init)
    write_byte                               0x08002d41   Thumb Code    80  24c32.o(i.write_byte)
    write_dat                                0x08002d91   Thumb Code    64  ds1307.o(i.write_dat)
    Region$$Table$$Base                      0x08002e1c   Number         0  anon$$obj.o(Region$$Table)
    Region$$Table$$Limit                     0x08002e3c   Number         0  anon$$obj.o(Region$$Table)
    g_URT1_RxLen                             0x20000000   Data           2  usart.o(.data)
    g_URT1_TxLen                             0x20000002   Data           2  usart.o(.data)
    m_URT1_TxNum                             0x20000004   Data           2  usart.o(.data)
    g_URT1_RxFlag                            0x20000006   Data           1  usart.o(.data)
    g_URT1_TxEn                              0x20000007   Data           1  usart.o(.data)
    g_URT2_RxFlag                            0x20000008   Data           1  usart.o(.data)
    g_URT2_RxLen                             0x2000000a   Data           2  usart.o(.data)
    g_URT2_TxEn                              0x2000000c   Data           1  usart.o(.data)
    m_URT2_TxNum                             0x2000000d   Data           1  usart.o(.data)
    g_URT2_TxLen                             0x2000000e   Data           2  usart.o(.data)
    g_CntrMAC                                0x20000010   Data           6  usart.o(.data)
    g_URT1_RxDtLng                           0x20000016   Data           1  usart.o(.data)
    g_MAC_num                                0x20000017   Data           1  usart.o(.data)
    g_MAC_Anum                               0x20000018   Data           1  usart.o(.data)
    g_SendEditFlag                           0x20000019   Data           1  usart.o(.data)
    g_SendDatFlga                            0x2000001a   Data           1  usart.o(.data)
    g_URT2_TxFinish                          0x2000001b   Data           1  usart.o(.data)
    g_MAC_Snum                               0x2000001c   Data           2  usart.o(.data)
    m_TxPro                                  0x2000001e   Data          13  usart_data_handle.o(.data)
    m_FindMAC                                0x2000002b   Data          13  usart_data_handle.o(.data)
    m_UARTEerror_Flag                        0x20000038   Data           1  usart_data_handle.o(.data)
    RemoveDeviceFlag                         0x20000039   Data           1  usart_data_handle.o(.data)
    g_GetEdit_Flag                           0x2000003c   Data           1  cmd.o(.data)
    NextFindFlag                             0x2000003d   Data           1  cmd.o(.data)
    rtc_address                              0x20000042   Data           8  ds1307.o(.data)
    g_Rtc_Dat                                0x2000004a   Data           8  ds1307.o(.data)
    TIMER3_flag                              0x20000052   Data           1  timer.o(.data)
    TIMER4_flag                              0x20000053   Data           1  timer.o(.data)
    USART_falg                               0x20000054   Data           1  timer.o(.data)
    USART2_falg                              0x20000055   Data           1  timer.o(.data)
    __stdout                                 0x20000058   Data           4  stdout.o(.data)
    g_URT1_RxBuf                             0x2000005c   Data         200  usart.o(.bss)
    g_URT1_TxBuf                             0x20000124   Data         350  usart.o(.bss)
    g_URT2_RxBuf                             0x20000282   Data         200  usart.o(.bss)
    g_URT2_TxBuf                             0x2000034a   Data         200  usart.o(.bss)
    g_URT1_RxDat                             0x20000412   Data         100  usart.o(.bss)
    g_MACList                                0x20000476   Data         350  usart.o(.bss)
    __initial_sp                             0x20000a30   Data           0  startup_stm32f10x_hd.o(STACK)



==============================================================================

Memory Map of the image

  Image Entry point : 0x08000131

  Load Region LR_IROM1 (Base: 0x08000000, Size: 0x00002e98, Max: 0x00020000, ABSOLUTE)

    Execution Region ER_IROM1 (Base: 0x08000000, Size: 0x00002e3c, Max: 0x00020000, ABSOLUTE)

    Base Addr    Size         Type   Attr      Idx    E Section Name        Object

    0x08000000   0x00000130   Data   RO         1503    RESET               startup_stm32f10x_hd.o
    0x08000130   0x00000000   Code   RO         1508  * .ARM.Collect$$$$00000000  mc_w.l(entry.o)
    0x08000130   0x00000004   Code   RO         1792    .ARM.Collect$$$$00000001  mc_w.l(entry2.o)
    0x08000134   0x00000004   Code   RO         1795    .ARM.Collect$$$$00000004  mc_w.l(entry5.o)
    0x08000138   0x00000000   Code   RO         1797    .ARM.Collect$$$$00000008  mc_w.l(entry7b.o)
    0x08000138   0x00000000   Code   RO         1799    .ARM.Collect$$$$0000000A  mc_w.l(entry8b.o)
    0x08000138   0x00000008   Code   RO         1800    .ARM.Collect$$$$0000000B  mc_w.l(entry9a.o)
    0x08000140   0x00000000   Code   RO         1802    .ARM.Collect$$$$0000000D  mc_w.l(entry10a.o)
    0x08000140   0x00000000   Code   RO         1804    .ARM.Collect$$$$0000000F  mc_w.l(entry11a.o)
    0x08000140   0x00000004   Code   RO         1793    .ARM.Collect$$$$00002712  mc_w.l(entry2.o)
    0x08000144   0x00000024   Code   RO         1504    .text               startup_stm32f10x_hd.o
    0x08000168   0x00000024   Code   RO         1511    .text               mc_w.l(memcpya.o)
    0x0800018c   0x00000024   Code   RO         1513    .text               mc_w.l(memseta.o)
    0x080001b0   0x000000b0   Code   RO         1778    .text               mf_w.l(fadd.o)
    0x08000260   0x00000064   Code   RO         1780    .text               mf_w.l(fmul.o)
    0x080002c4   0x0000007c   Code   RO         1782    .text               mf_w.l(fdiv.o)
    0x08000340   0x000000de   Code   RO         1784    .text               mf_w.l(ddiv.o)
    0x0800041e   0x0000000a   Code   RO         1786    .text               mf_w.l(ffltui.o)
    0x08000428   0x00000028   Code   RO         1790    .text               mf_w.l(ffixui.o)
    0x08000450   0x0000002c   Code   RO         1807    .text               mc_w.l(uidiv.o)
    0x0800047c   0x00000062   Code   RO         1809    .text               mc_w.l(uldiv.o)
    0x080004de   0x00000000   Code   RO         1811    .text               mc_w.l(iusefp.o)
    0x080004de   0x0000006e   Code   RO         1812    .text               mf_w.l(fepilogue.o)
    0x0800054c   0x000000ba   Code   RO         1814    .text               mf_w.l(depilogue.o)
    0x08000606   0x0000014e   Code   RO         1816    .text               mf_w.l(dadd.o)
    0x08000754   0x000000e4   Code   RO         1818    .text               mf_w.l(dmul.o)
    0x08000838   0x00000030   Code   RO         1820    .text               mf_w.l(dfixul.o)
    0x08000868   0x00000030   Code   RO         1822    .text               mf_w.l(cdrcmple.o)
    0x08000898   0x00000024   Code   RO         1824    .text               mc_w.l(init.o)
    0x080008bc   0x0000001e   Code   RO         1826    .text               mc_w.l(llshl.o)
    0x080008da   0x00000020   Code   RO         1828    .text               mc_w.l(llushr.o)
    0x080008fa   0x00000024   Code   RO         1830    .text               mc_w.l(llsshr.o)
    0x0800091e   0x00000002   PAD
    0x08000920   0x000000a8   Code   RO          534    i.AckFrame          usart_data_handle.o
    0x080009c8   0x00000004   Code   RO          411    i.BusFault_Handler  stm32f10x_it.o
    0x080009cc   0x0000001c   Code   RO          535    i.Cmd_f             usart_data_handle.o
    0x080009e8   0x0000001c   Code   RO          536    i.Confirm_f         usart_data_handle.o
    0x08000a04   0x0000005c   Code   RO          537    i.Data_f            usart_data_handle.o
    0x08000a60   0x00000002   Code   RO          412    i.DebugMon_Handler  stm32f10x_it.o
    0x08000a62   0x0000001e   Code   RO          198    i.Delayms           delay.o
    0x08000a80   0x0000001c   Code   RO          675    i.En_GetEdit        cmd.o
    0x08000a9c   0x00000034   Code   RO          676    i.En_SendDat        cmd.o
    0x08000ad0   0x0000003c   Code   RO          160    i.Get_Crc16         crc.o
    0x08000b0c   0x0000005c   Code   RO          677    i.Get_Edition       cmd.o
    0x08000b68   0x00000004   Code   RO          413    i.HardFault_Handler  stm32f10x_it.o
    0x08000b6c   0x00000038   Code   RO          538    i.HeartDataUp       usart_data_handle.o
    0x08000ba4   0x0000006c   Code   RO          539    i.HeartbeatInterval  usart_data_handle.o
    0x08000c10   0x0000008c   Code   RO          909    i.IIC_Ack           i2c.o
    0x08000c9c   0x00000088   Code   RO          910    i.IIC_NAck          i2c.o
    0x08000d24   0x000000a0   Code   RO          911    i.IIC_Read_Byte     i2c.o
    0x08000dc4   0x000000d0   Code   RO          912    i.IIC_Send_Byte     i2c.o
    0x08000e94   0x00000098   Code   RO          913    i.IIC_Start         i2c.o
    0x08000f2c   0x00000080   Code   RO          914    i.IIC_Stop          i2c.o
    0x08000fac   0x000000a0   Code   RO          915    i.IIC_Wait_Ack      i2c.o
    0x0800104c   0x000000a8   Code   RO          916    i.IIC_Wait_Ack_24c32  i2c.o
    0x080010f4   0x00000054   Code   RO          361    i.Init_TIM2         v_timer.o
    0x08001148   0x000000a8   Code   RO          540    i.InquireFrame      usart_data_handle.o
    0x080011f0   0x00000050   Code   RO          541    i.InquireTimer      usart_data_handle.o
    0x08001240   0x00000004   Code   RO          414    i.MemManage_Handler  stm32f10x_it.o
    0x08001244   0x00000002   Code   RO          415    i.NMI_Handler       stm32f10x_it.o
    0x08001246   0x00000002   PAD
    0x08001248   0x000000e0   Code   RO          542    i.Pack_Frame        usart_data_handle.o
    0x08001328   0x00000002   Code   RO          416    i.PendSV_Handler    stm32f10x_it.o
    0x0800132a   0x00000002   PAD
    0x0800132c   0x00000198   Code   RO          543    i.QueryDevice       usart_data_handle.o
    0x080014c4   0x00000060   Code   RO          857    i.Read_RTC          ds1307.o
    0x08001524   0x0000005c   Code   RO          738    i.Read_RanAddr      24c32.o
    0x08001580   0x00000134   Code   RO          544    i.RegisterDevice    usart_data_handle.o
    0x080016b4   0x00000040   Code   RO          679    i.RegisterMasterDevice  cmd.o
    0x080016f4   0x000000c8   Code   RO          545    i.RemoveDevice      usart_data_handle.o
    0x080017bc   0x0000012c   Code   RO          546    i.Reply_f           usart_data_handle.o
    0x080018e8   0x00000050   Code   RO          680    i.RotationEquipment  cmd.o
    0x08001938   0x00000002   Code   RO          417    i.SVC_Handler       stm32f10x_it.o
    0x0800193a   0x00000002   PAD
    0x0800193c   0x00000094   Code   RO          547    i.SelfPack_Frame    usart_data_handle.o
    0x080019d0   0x00000038   Code   RO          548    i.SendData          usart_data_handle.o
    0x08001a08   0x00000008   Code   RO          500    i.SetSysClock       system_stm32f10x.o
    0x08001a10   0x000000e0   Code   RO          501    i.SetSysClockTo72   system_stm32f10x.o
    0x08001af0   0x0000001c   Code   RO          858    i.Set_RTC           ds1307.o
    0x08001b0c   0x00000068   Code   RO          549    i.Set_Time          usart_data_handle.o
    0x08001b74   0x00000002   Code   RO          418    i.SysTick_Handler   stm32f10x_it.o
    0x08001b76   0x00000002   PAD
    0x08001b78   0x00000060   Code   RO          503    i.SystemInit        system_stm32f10x.o
    0x08001bd8   0x00000018   Code   RO          362    i.TIM2_IRQHandler   v_timer.o
    0x08001bf0   0x00000030   Code   RO         1035    i.TIM3_IRQHandler   timer.o
    0x08001c20   0x00000038   Code   RO         1037    i.TIM4_IRQHandler   timer.o
    0x08001c58   0x000000b8   Code   RO          282    i.USART1_IRQHandler  usart.o
    0x08001d10   0x00000028   Code   RO          283    i.USART1_NVIC_Init  usart.o
    0x08001d38   0x000000d8   Code   RO          550    i.USART1_RxData     usart_data_handle.o
    0x08001e10   0x00000014   Code   RO          284    i.USART1_over_time  usart.o
    0x08001e24   0x00000054   Code   RO          285    i.USART2_IRQHandler  usart.o
    0x08001e78   0x00000044   Code   RO          286    i.USART2_NVIC_Init  usart.o
    0x08001ebc   0x00000128   Code   RO          551    i.USART2_RxData     usart_data_handle.o
    0x08001fe4   0x00000014   Code   RO          287    i.USART2_over_time  usart.o
    0x08001ff8   0x00000054   Code   RO          681    i.Uart1RxDatahandle  cmd.o
    0x0800204c   0x00000020   Code   RO          288    i.Uart1_PutChar     usart.o
    0x0800206c   0x00000038   Code   RO          682    i.Uart2RxDatahandle  cmd.o
    0x080020a4   0x0000001c   Code   RO          289    i.Uart2_PutChar     usart.o
    0x080020c0   0x00000004   Code   RO          419    i.UsageFault_Handler  stm32f10x_it.o
    0x080020c4   0x0000000c   Code   RO          218    i.WWDG_IRQHandler   dog.o
    0x080020d0   0x00000020   Code   RO         1750    i.__0printf         mc_w.l(printfa.o)
    0x080020f0   0x0000000e   Code   RO         1834    i.__scatterload_copy  mc_w.l(handlers.o)
    0x080020fe   0x00000002   Code   RO         1835    i.__scatterload_null  mc_w.l(handlers.o)
    0x08002100   0x0000000e   Code   RO         1836    i.__scatterload_zeroinit  mc_w.l(handlers.o)
    0x0800210e   0x00000002   PAD
    0x08002110   0x00000164   Code   RO         1757    i._fp_digits        mc_w.l(printfa.o)
    0x08002274   0x000006dc   Code   RO         1758    i._printf_core      mc_w.l(printfa.o)
    0x08002950   0x00000024   Code   RO         1759    i._printf_post_padding  mc_w.l(printfa.o)
    0x08002974   0x0000002e   Code   RO         1760    i._printf_pre_padding  mc_w.l(printfa.o)
    0x080029a2   0x00000036   Code   RO          199    i.delay_us          delay.o
    0x080029d8   0x0000003c   Code   RO          741    i.en_24c32          24c32.o
    0x08002a14   0x0000001c   Code   RO          290    i.fputc             usart.o
    0x08002a30   0x0000003c   Code   RO          918    i.init_i2c1         i2c.o
    0x08002a6c   0x00000074   Code   RO            1    i.main              main.o
    0x08002ae0   0x000000fc   Code   RO          291    i.uart1_init        usart.o
    0x08002bdc   0x000000d0   Code   RO          292    i.uart2_init        usart.o
    0x08002cac   0x00000014   Code   RO          363    i.vtimer_KillTimer  v_timer.o
    0x08002cc0   0x00000014   Code   RO          364    i.vtimer_SetTimer   v_timer.o
    0x08002cd4   0x00000044   Code   RO          366    i.vtimer_UpdateHandler  v_timer.o
    0x08002d18   0x00000028   Code   RO          367    i.vtimer_init       v_timer.o
    0x08002d40   0x00000050   Code   RO          742    i.write_byte        24c32.o
    0x08002d90   0x00000040   Code   RO          861    i.write_dat         ds1307.o
    0x08002dd0   0x00000038   Data   RO          552    .constdata          usart_data_handle.o
    0x08002e08   0x00000014   Data   RO          683    .constdata          cmd.o
    0x08002e1c   0x00000020   Data   RO         1832    Region$$Table       anon$$obj.o


    Execution Region RW_IRAM1 (Base: 0x20000000, Size: 0x00000a30, Max: 0x00005000, ABSOLUTE)

    Base Addr    Size         Type   Attr      Idx    E Section Name        Object

    0x20000000   0x0000001e   Data   RW          294    .data               usart.o
    0x2000001e   0x0000001e   Data   RW          553    .data               usart_data_handle.o
    0x2000003c   0x00000006   Data   RW          684    .data               cmd.o
    0x20000042   0x00000010   Data   RW          862    .data               ds1307.o
    0x20000052   0x00000004   Data   RW         1041    .data               timer.o
    0x20000056   0x00000002   PAD
    0x20000058   0x00000004   Data   RW         1806    .data               mc_w.l(stdout.o)
    0x2000005c   0x00000578   Zero   RW          293    .bss                usart.o
    0x200005d4   0x00000058   Zero   RW          368    .bss                v_timer.o
    0x2000062c   0x00000004   PAD
    0x20000630   0x00000400   Zero   RW         1501    STACK               startup_stm32f10x_hd.o


==============================================================================

Image component sizes


      Code (inc. data)   RO Data    RW Data    ZI Data      Debug   Object Name

       232          8          0          0          0       1519   24c32.o
       456         52         20          6          0       4694   cmd.o
         0          0          0          0          0         32   core_cm3.o
        60          0          0          0          0        856   crc.o
        84          0          0          0          0        945   delay.o
        12          4          0          0          0        386   dog.o
       188          4          0         16          0       2141   ds1307.o
      1312         46          0          0          0       4416   i2c.o
       116         14          0          0          0     208423   main.o
        36          8        304          0       1024        768   startup_stm32f10x_hd.o
        26          0          0          0          0       3662   stm32f10x_it.o
       328         28          0          0          0       1781   system_stm32f10x.o
       104         26          0          4          0       1153   timer.o
       964        158          0         30       1400       6859   usart.o
      2988        310         56         30          0      12395   usart_data_handle.o
       256         32          0          0         88       3200   v_timer.o

    ----------------------------------------------------------------------
      7170        690        412         88       2516     253230   Object Totals
         0          0         32          0          0          0   (incl. Generated)
         8          0          0          2          4          0   (incl. Padding)

    ----------------------------------------------------------------------

      Code (inc. data)   RO Data    RW Data    ZI Data      Debug   Library Member Name

         0          0          0          0          0          0   entry.o
         0          0          0          0          0          0   entry10a.o
         0          0          0          0          0          0   entry11a.o
         8          4          0          0          0          0   entry2.o
         4          0          0          0          0          0   entry5.o
         0          0          0          0          0          0   entry7b.o
         0          0          0          0          0          0   entry8b.o
         8          4          0          0          0          0   entry9a.o
        30          0          0          0          0          0   handlers.o
        36          8          0          0          0         68   init.o
         0          0          0          0          0          0   iusefp.o
        30          0          0          0          0         68   llshl.o
        36          0          0          0          0         68   llsshr.o
        32          0          0          0          0         68   llushr.o
        36          0          0          0          0         68   memcpya.o
        36          0          0          0          0        108   memseta.o
      2226         90          0          0          0        444   printfa.o
         0          0          0          4          0          0   stdout.o
        44          0          0          0          0         80   uidiv.o
        98          0          0          0          0         92   uldiv.o
        48          0          0          0          0         68   cdrcmple.o
       334          0          0          0          0        148   dadd.o
       222          0          0          0          0        100   ddiv.o
       186          0          0          0          0        176   depilogue.o
        48          0          0          0          0         68   dfixul.o
       228          0          0          0          0         96   dmul.o
       176          0          0          0          0        140   fadd.o
       124          0          0          0          0         88   fdiv.o
       110          0          0          0          0        168   fepilogue.o
        40          0          0          0          0         68   ffixui.o
        10          0          0          0          0         68   ffltui.o
       100          0          0          0          0         76   fmul.o

    ----------------------------------------------------------------------
      4254        106          0          4          0       2328   Library Totals
         4          0          0          0          0          0   (incl. Padding)

    ----------------------------------------------------------------------

      Code (inc. data)   RO Data    RW Data    ZI Data      Debug   Library Name

      2624        106          0          4          0       1064   mc_w.l
      1626          0          0          0          0       1264   mf_w.l

    ----------------------------------------------------------------------
      4254        106          0          4          0       2328   Library Totals

    ----------------------------------------------------------------------

==============================================================================


      Code (inc. data)   RO Data    RW Data    ZI Data      Debug   

     11424        796        412         92       2516     250718   Grand Totals
     11424        796        412         92       2516     250718   ELF Image Totals
     11424        796        412         92          0          0   ROM Totals

==============================================================================

    Total RO  Size (Code + RO Data)                11836 (  11.56kB)
    Total RW  Size (RW Data + ZI Data)              2608 (   2.55kB)
    Total ROM Size (Code + RO Data + RW Data)      11928 (  11.65kB)

==============================================================================

